Archive member included to satisfy reference by file (symbol)

C:/Users/paul.jiao/tools/\Bridgetek/FT9xxToolchain/Toolchain/tools/ft32-elf/lib\libc.a(lib_a-exit.o)
                              c:/users/paul.jiao/tools/bridgetek/ft9xxtoolchain/toolchain/tools/bin/../lib/gcc/ft32-elf/7.0.0/../../../../ft32-elf/lib/crt0.o (exit)
C:/Users/paul.jiao/tools/\Bridgetek/FT9xxToolchain/Toolchain/tools/ft32-elf/lib\libc.a(lib_a-impure.o)
                              C:/Users/paul.jiao/tools/\Bridgetek/FT9xxToolchain/Toolchain/tools/ft32-elf/lib\libc.a(lib_a-exit.o) (_global_impure_ptr)
C:/Users/paul.jiao/tools/\Bridgetek/FT9xxToolchain/Toolchain/tools/ft32-elf/lib\libc.a(lib_a-malloc.o)
                              C:/Users/Public/Documents/EVE Screen Designer 3.0 Web Release/esd30_newproject/Build/Default/FT90x Release/Obj/App__Generated.o (malloc)
C:/Users/paul.jiao/tools/\Bridgetek/FT9xxToolchain/Toolchain/tools/ft32-elf/lib\libc.a(lib_a-mallocr.o)
                              C:/Users/paul.jiao/tools/\Bridgetek/FT9xxToolchain/Toolchain/tools/ft32-elf/lib\libc.a(lib_a-malloc.o) (_malloc_r)
C:/Users/paul.jiao/tools/\Bridgetek/FT9xxToolchain/Toolchain/tools/ft32-elf/lib\libc.a(lib_a-memmove.o)
                              C:/Users/Public/Documents/EVE Screen Designer 3.0 Web Release/esd30_newproject/Build/Default/FT90x Release/Obj/diskio.o (memmove)
C:/Users/paul.jiao/tools/\Bridgetek/FT9xxToolchain/Toolchain/tools/ft32-elf/lib\libc.a(lib_a-memset.o)
                              C:/Users/Public/Documents/EVE Screen Designer 3.0 Web Release/esd30_newproject/Build/Default/FT90x Release/Obj/ff_ioctl_test.o (memset)
C:/Users/paul.jiao/tools/\Bridgetek/FT9xxToolchain/Toolchain/tools/ft32-elf/lib\libc.a(lib_a-mlock.o)
                              C:/Users/paul.jiao/tools/\Bridgetek/FT9xxToolchain/Toolchain/tools/ft32-elf/lib\libc.a(lib_a-mallocr.o) (__malloc_lock)
C:/Users/paul.jiao/tools/\Bridgetek/FT9xxToolchain/Toolchain/tools/ft32-elf/lib\libc.a(lib_a-printf.o)
                              C:/Users/Public/Documents/EVE Screen Designer 3.0 Web Release/esd30_newproject/Build/Default/FT90x Release/Obj/ff_ioctl_test.o (printf)
C:/Users/paul.jiao/tools/\Bridgetek/FT9xxToolchain/Toolchain/tools/ft32-elf/lib\libc.a(lib_a-puts.o)
                              C:/Users/Public/Documents/EVE Screen Designer 3.0 Web Release/esd30_newproject/Build/Default/FT90x Release/Obj/ff_ioctl_test.o (puts)
C:/Users/paul.jiao/tools/\Bridgetek/FT9xxToolchain/Toolchain/tools/ft32-elf/lib\libc.a(lib_a-sbrkr.o)
                              C:/Users/paul.jiao/tools/\Bridgetek/FT9xxToolchain/Toolchain/tools/ft32-elf/lib\libc.a(lib_a-mallocr.o) (_sbrk_r)
C:/Users/paul.jiao/tools/\Bridgetek/FT9xxToolchain/Toolchain/tools/ft32-elf/lib\libc.a(lib_a-strlen.o)
                              C:/Users/paul.jiao/tools/\Bridgetek/FT9xxToolchain/Toolchain/tools/ft32-elf/lib\libc.a(lib_a-puts.o) (strlen)
C:/Users/paul.jiao/tools/\Bridgetek/FT9xxToolchain/Toolchain/tools/ft32-elf/lib\libc.a(lib_a-vfprintf.o)
                              C:/Users/paul.jiao/tools/\Bridgetek/FT9xxToolchain/Toolchain/tools/ft32-elf/lib\libc.a(lib_a-printf.o) (_vfprintf_r)
C:/Users/paul.jiao/tools/\Bridgetek/FT9xxToolchain/Toolchain/tools/ft32-elf/lib\libc.a(lib_a-wsetup.o)
                              C:/Users/paul.jiao/tools/\Bridgetek/FT9xxToolchain/Toolchain/tools/ft32-elf/lib\libc.a(lib_a-vfprintf.o) (__swsetup_r)
C:/Users/paul.jiao/tools/\Bridgetek/FT9xxToolchain/Toolchain/tools/ft32-elf/lib\libc.a(lib_a-__call_atexit.o)
                              C:/Users/paul.jiao/tools/\Bridgetek/FT9xxToolchain/Toolchain/tools/ft32-elf/lib\libc.a(lib_a-exit.o) (__call_exitprocs)
C:/Users/paul.jiao/tools/\Bridgetek/FT9xxToolchain/Toolchain/tools/ft32-elf/lib\libc.a(lib_a-dtoa.o)
                              C:/Users/paul.jiao/tools/\Bridgetek/FT9xxToolchain/Toolchain/tools/ft32-elf/lib\libc.a(lib_a-vfprintf.o) (_dtoa_r)
C:/Users/paul.jiao/tools/\Bridgetek/FT9xxToolchain/Toolchain/tools/ft32-elf/lib\libc.a(lib_a-fflush.o)
                              C:/Users/paul.jiao/tools/\Bridgetek/FT9xxToolchain/Toolchain/tools/ft32-elf/lib\libc.a(lib_a-vfprintf.o) (_fflush_r)
C:/Users/paul.jiao/tools/\Bridgetek/FT9xxToolchain/Toolchain/tools/ft32-elf/lib\libc.a(lib_a-findfp.o)
                              C:/Users/paul.jiao/tools/\Bridgetek/FT9xxToolchain/Toolchain/tools/ft32-elf/lib\libc.a(lib_a-puts.o) (__sinit)
C:/Users/paul.jiao/tools/\Bridgetek/FT9xxToolchain/Toolchain/tools/ft32-elf/lib\libc.a(lib_a-freer.o)
                              C:/Users/paul.jiao/tools/\Bridgetek/FT9xxToolchain/Toolchain/tools/ft32-elf/lib\libc.a(lib_a-malloc.o) (_free_r)
C:/Users/paul.jiao/tools/\Bridgetek/FT9xxToolchain/Toolchain/tools/ft32-elf/lib\libc.a(lib_a-fvwrite.o)
                              C:/Users/paul.jiao/tools/\Bridgetek/FT9xxToolchain/Toolchain/tools/ft32-elf/lib\libc.a(lib_a-puts.o) (__sfvwrite_r)
[...]
Memory Configuration

Name             Origin             Length             Attributes
flash            0x00000000         0x00040000         xr
ram              0x00800000         0x00010000         rw !x
*default*        0x00000000         0xffffffff

Linker script and memory map

LOAD c:/users/paul.jiao/tools/bridgetek/ft9xxtoolchain/toolchain/tools/bin/../lib/gcc/ft32-elf/7.0.0/../../../../ft32-elf/lib/crt0.o
LOAD c:/users/paul.jiao/tools/bridgetek/ft9xxtoolchain/toolchain/tools/bin/../lib/gcc/ft32-elf/7.0.0/crti-hw.o
LOAD c:/users/paul.jiao/tools/bridgetek/ft9xxtoolchain/toolchain/tools/bin/../lib/gcc/ft32-elf/7.0.0/crtbegin.o
LOAD C:/Users/Public/Documents/EVE Screen Designer 3.0 Web Release/esd30_newproject/Build/Default/FT90x Release/Obj/Ft_Esd_Clock__Generated.o
LOAD C:/Users/Public/Documents/EVE Screen Designer 3.0 Web Release/esd30_newproject/Build/Default/FT90x Release/Obj/Ft_Esd_Gauge__Generated.o
LOAD C:/Users/Public/Documents/EVE Screen Designer 3.0 Web Release/esd30_newproject/Build/Default/FT90x Release/Obj/FT_Emu_main.o
LOAD C:/Users/Public/Documents/EVE Screen Designer 3.0 Web Release/esd30_newproject/Build/Default/FT90x Release/Obj/Ft_Esd_CheckBox__Generated.o
LOAD C:/Users/Public/Documents/EVE Screen Designer 3.0 Web Release/esd30_newproject/Build/Default/FT90x Release/Obj/Ft_Esd_PosSizeToRadius__Generated.o
LOAD C:/Users/Public/Documents/EVE Screen Designer 3.0 Web Release/esd30_newproject/Build/Default/FT90x Release/Obj/Ft_Esd_Slider.o
LOAD C:/Users/Public/Documents/EVE Screen Designer 3.0 Web Release/esd30_newproject/Build/Default/FT90x Release/Obj/ff_ioctl_test.o
LOAD C:/Users/Public/Documents/EVE Screen Designer 3.0 Web Release/esd30_newproject/Build/Default/FT90x Release/Obj/FT_ILI9488.o
LOAD C:/Users/Public/Documents/EVE Screen Designer 3.0 Web Release/esd30_newproject/Build/Default/FT90x Release/Obj/FT_Gpu_Hal.o
LOAD C:/Users/Public/Documents/EVE Screen Designer 3.0 Web Release/esd30_newproject/Build/Default/FT90x Release/Obj/Ft_Esd_GpuAlloc.o
LOAD C:/Users/Public/Documents/EVE Screen Designer 3.0 Web Release/esd30_newproject/Build/Default/FT90x Release/Obj/Ft_Esd.o
LOAD C:/Users/Public/Documents/EVE Screen Designer 3.0 Web Release/esd30_newproject/Build/Default/FT90x Release/Obj/Ft_Esd_Timer__Generated.o
LOAD C:/Users/Public/Documents/EVE Screen Designer 3.0 Web Release/esd30_newproject/Build/Default/FT90x Release/Obj/Ft_Esd_DemoPage__Generated.o
LOAD C:/Users/Public/Documents/EVE Screen Designer 3.0 Web Release/esd30_newproject/Build/Default/FT90x Release/Obj/FT_CoPro_Cmds.o
LOAD C:/Users/Public/Documents/EVE Screen Designer 3.0 Web Release/esd30_newproject/Build/Default/FT90x Release/Obj/Ft_Esd_Slider__Generated.o
LOAD C:/Users/Public/Documents/EVE Screen Designer 3.0 Web Release/esd30_newproject/Build/Default/FT90x Release/Obj/FT_Esd_CoPro_Cmds__h__Simulation.o
LOAD C:/Users/Public/Documents/EVE Screen Designer 3.0 Web Release/esd30_newproject/Build/Default/FT90x Release/Obj/Ft_Esd_Timer.o
LOAD C:/Users/Public/Documents/EVE Screen Designer 3.0 Web Release/esd30_newproject/Build/Default/FT90x Release/Obj/Ft_Esd_ImageButton__Generated.o
LOAD C:/Users/Public/Documents/EVE Screen Designer 3.0 Web Release/esd30_newproject/Build/Default/FT90x Release/Obj/Ft_Esd_RadioGroup__Generated.o
LOAD C:/Users/Public/Documents/EVE Screen Designer 3.0 Web Release/esd30_newproject/Build/Default/FT90x Release/Obj/Ft_Esd_Toggle__Generated.o
LOAD C:/Users/Public/Documents/EVE Screen Designer 3.0 Web Release/esd30_newproject/Build/Default/FT90x Release/Obj/FT_Esd_Primitives.o
LOAD C:/Users/Public/Documents/EVE Screen Designer 3.0 Web Release/esd30_newproject/Build/Default/FT90x Release/Obj/Ft_Esd_BitmapInfo.o
LOAD C:/Users/Public/Documents/EVE Screen Designer 3.0 Web Release/esd30_newproject/Build/Default/FT90x Release/Obj/Ft_Esd_PushButton__Generated.o
LOAD C:/Users/Public/Documents/EVE Screen Designer 3.0 Web Release/esd30_newproject/Build/Default/FT90x Release/Obj/Ft_Esd_Theme__h__Simulation.o
LOAD C:/Users/Public/Documents/EVE Screen Designer 3.0 Web Release/esd30_newproject/Build/Default/FT90x Release/Obj/Ft_Esd_Theme_DarkOrange.o
LOAD C:/Users/Public/Documents/EVE Screen Designer 3.0 Web Release/esd30_newproject/Build/Default/FT90x Release/Obj/Ft_Esd_ColorPicker.o
LOAD C:/Users/Public/Documents/EVE Screen Designer 3.0 Web Release/esd30_newproject/Build/Default/FT90x Release/Obj/Ft_Esd_RadioButton__Generated.o
LOAD C:/Users/Public/Documents/EVE Screen Designer 3.0 Web Release/esd30_newproject/Build/Default/FT90x Release/Obj/Ft_Esd_Label__Generated.o
LOAD C:/Users/Public/Documents/EVE Screen Designer 3.0 Web Release/esd30_newproject/Build/Default/FT90x Release/Obj/Ft_Esd_NumericLabel__Generated.o
LOAD C:/Users/Public/Documents/EVE Screen Designer 3.0 Web Release/esd30_newproject/Build/Default/FT90x Release/Obj/Ft_Esd_IntCounter__Generated.o
LOAD C:/Users/Public/Documents/EVE Screen Designer 3.0 Web Release/esd30_newproject/Build/Default/FT90x Release/Obj/Ft_Esd_ScrollPanel.o
LOAD C:/Users/Public/Documents/EVE Screen Designer 3.0 Web Release/esd30_newproject/Build/Default/FT90x Release/Obj/Ft_Esd_RadioButton.o
LOAD C:/Users/Public/Documents/EVE Screen Designer 3.0 Web Release/esd30_newproject/Build/Default/FT90x Release/Obj/Ft_Esd_SpinBox__Generated.o
LOAD C:/Users/Public/Documents/EVE Screen Designer 3.0 Web Release/esd30_newproject/Build/Default/FT90x Release/Obj/unicode.o
LOAD C:/Users/Public/Documents/EVE Screen Designer 3.0 Web Release/esd30_newproject/Build/Default/FT90x Release/Obj/Ft_Esd_TouchTag.o
LOAD C:/Users/Public/Documents/EVE Screen Designer 3.0 Web Release/esd30_newproject/Build/Default/FT90x Release/Obj/Ft_Esd_Elements.o
LOAD C:/Users/Public/Documents/EVE Screen Designer 3.0 Web Release/esd30_newproject/Build/Default/FT90x Release/Obj/Ft_Esd_App.o
LOAD C:/Users/Public/Documents/EVE Screen Designer 3.0 Web Release/esd30_newproject/Build/Default/FT90x Release/Obj/Ft_Esd_ScrollPanel__Generated.o
LOAD C:/Users/Public/Documents/EVE Screen Designer 3.0 Web Release/esd30_newproject/Build/Default/FT90x Release/Obj/LayoutMargin__Generated.o
LOAD C:/Users/Public/Documents/EVE Screen Designer 3.0 Web Release/esd30_newproject/Build/Default/FT90x Release/Obj/Ft_Esd_ProgressBar__Generated.o
LOAD C:/Users/Public/Documents/EVE Screen Designer 3.0 Web Release/esd30_newproject/Build/Default/FT90x Release/Obj/LayoutSplit__Generated.o
LOAD C:/Users/Public/Documents/EVE Screen Designer 3.0 Web Release/esd30_newproject/Build/Default/FT90x Release/Obj/FT_Esd_MainLoop.o
LOAD C:/Users/Public/Documents/EVE Screen Designer 3.0 Web Release/esd30_newproject/Build/Default/FT90x Release/Obj/FT_Esd_Primitives__h__Simulation.o
LOAD C:/Users/Public/Documents/EVE Screen Designer 3.0 Web Release/esd30_newproject/Build/Default/FT90x Release/Obj/SwitchPage.o
LOAD C:/Users/Public/Documents/EVE Screen Designer 3.0 Web Release/esd30_newproject/Build/Default/FT90x Release/Obj/Ft_Esd_RadioGroup.o
LOAD C:/Users/Public/Documents/EVE Screen Designer 3.0 Web Release/esd30_newproject/Build/Default/FT90x Release/Obj/Ft_Esd_Rectangle__Generated.o
LOAD C:/Users/Public/Documents/EVE Screen Designer 3.0 Web Release/esd30_newproject/Build/Default/FT90x Release/Obj/Ft_Esd_TouchArea__Generated.o
LOAD C:/Users/Public/Documents/EVE Screen Designer 3.0 Web Release/esd30_newproject/Build/Default/FT90x Release/Obj/Ft_Esd_Theme.o
LOAD C:/Users/Public/Documents/EVE Screen Designer 3.0 Web Release/esd30_newproject/Build/Default/FT90x Release/Obj/MainPage__Generated.o
LOAD C:/Users/Public/Documents/EVE Screen Designer 3.0 Web Release/esd30_newproject/Build/Default/FT90x Release/Obj/Ft_Esd_Theme_LightBlue.o
LOAD C:/Users/Public/Documents/EVE Screen Designer 3.0 Web Release/esd30_newproject/Build/Default/FT90x Release/Obj/FT_Esd_Dl.o
LOAD C:/Users/Public/Documents/EVE Screen Designer 3.0 Web Release/esd30_newproject/Build/Default/FT90x Release/Obj/SwitchBool__Generated.o
LOAD C:/Users/Public/Documents/EVE Screen Designer 3.0 Web Release/esd30_newproject/Build/Default/FT90x Release/Obj/Ft_Esd_TouchArea.o
LOAD C:/Users/Public/Documents/EVE Screen Designer 3.0 Web Release/esd30_newproject/Build/Default/FT90x Release/Obj/syscall.o
LOAD C:/Users/Public/Documents/EVE Screen Designer 3.0 Web Release/esd30_newproject/Build/Default/FT90x Release/Obj/ff.o
LOAD C:/Users/Public/Documents/EVE Screen Designer 3.0 Web Release/esd30_newproject/Build/Default/FT90x Release/Obj/Ft_Esd_LabelButton__Generated.o
LOAD C:/Users/Public/Documents/EVE Screen Designer 3.0 Web Release/esd30_newproject/Build/Default/FT90x Release/Obj/diskio.o
LOAD C:/Users/Public/Documents/EVE Screen Designer 3.0 Web Release/esd30_newproject/Build/Default/FT90x Release/Obj/Ft_Esd_ColorPicker__Generated.o
LOAD C:/Users/Public/Documents/EVE Screen Designer 3.0 Web Release/esd30_newproject/Build/Default/FT90x Release/Obj/App__Generated.o
LOAD C:/Users/Public/Documents/EVE Screen Designer 3.0 Web Release/esd30_newproject/Build/Default/FT90x Release/Obj/Ft_Esd_Elements__h__Simulation.o
LOAD C:/Users/paul.jiao/tools/\Bridgetek/FT9xxToolchain/Toolchain/tools/ft32-elf/lib\libc.a
LOAD C:/Users/paul.jiao/tools/\Bridgetek/FT9xxToolchain/Toolchain/tools/ft32-elf/lib\libg.a
LOAD C:/Users/paul.jiao/tools/\Bridgetek/FT9xxToolchain/Toolchain/tools/ft32-elf/lib\libm.a
LOAD C:/Users/paul.jiao/tools/\Bridgetek/FT9xxToolchain/Toolchain/tools/ft32-elf/lib\libstub.a
LOAD C:/Users/paul.jiao/tools/\Bridgetek/FT9xxToolchain/Toolchain/hardware/lib\libft900.a
                0x00040000                __PMSIZE = DEFINED (__PMSIZE)?__PMSIZE:0x40000
                0x00010000                __RAMSIZE = DEFINED (__RAMSIZE)?__RAMSIZE:0x10000

.text           0x00000000    0x111e8
 *(.crt0*)
 *(.text*)
 .text          0x00000000      0x310 c:/users/paul.jiao/tools/bridgetek/ft9xxtoolchain/toolchain/tools/bin/../lib/gcc/ft32-elf/7.0.0/crti-hw.o
                0x00000000                _start
                0x00000090                _exithook
                0x00000104                _exit
                0x0000030c                nullvector
                0x00000310                __gxx_personality_sj0
 .text.Ft_Esd_Clock_Y__Default
                0x00000310       0x10 C:/Users/Public/Documents/EVE Screen Designer 3.0 Web Release/esd30_newproject/Build/Default/FT90x Release/Obj/Ft_Esd_Clock__Generated.o
                0x00000310                Ft_Esd_Clock_Y__Default
 .text.Ft_Esd_Clock_Height__Default
                0x00000320       0x10 C:/Users/Public/Documents/EVE Screen Designer 3.0 Web Release/esd30_newproject/Build/Default/FT90x Release/Obj/Ft_Esd_Clock__Generated.o
                0x00000320                Ft_Esd_Clock_Height__Default
 .text.Ft_Esd_Clock_Alpha__Default
                0x00000330       0x10 C:/Users/Public/Documents/EVE Screen Designer 3.0 Web Release/esd30_newproject/Build/Default/FT90x Release/Obj/Ft_Esd_Clock__Generated.o
                0x00000330                Ft_Esd_Clock_Alpha__Default
 .text.Ft_Esd_Clock_S__Default
                0x00000340       0x10 C:/Users/Public/Documents/EVE Screen Designer 3.0 Web Release/esd30_newproject/Build/Default/FT90x Release/Obj/Ft_Esd_Clock__Generated.o
                0x00000340                Ft_Esd_Clock_S__Default
 .text.Ft_Esd_Clock_Ms__Default
                0x00000350       0x10 C:/Users/Public/Documents/EVE Screen Designer 3.0 Web Release/esd30_newproject/Build/Default/FT90x Release/Obj/Ft_Esd_Clock__Generated.o
                0x00000350                Ft_Esd_Clock_Ms__Default
 .text.Ft_Esd_Clock_Interactive__Default
                0x00000360       0x10 C:/Users/Public/Documents/EVE Screen Designer 3.0 Web Release/esd30_newproject/Build/Default/FT90x Release/Obj/Ft_Esd_Clock__Generated.o
                0x00000360                Ft_Esd_Clock_Interactive__Default
 .text.Ft_Esd_Clock_Ft_Esd_PosSizeToRadius_X__Property
                0x00000370       0x18 C:/Users/Public/Documents/EVE Screen Designer 3.0 Web Release/esd30_newproject/Build/Default/FT90x Release/Obj/Ft_Esd_Clock__Generated.o
 .text.Ft_Esd_Clock_Ft_Esd_PosSizeToRadius_Y__Property
                0x00000388       0x18 C:/Users/Public/Documents/EVE Screen Designer 3.0 Web Release/esd30_newproject/Build/Default/FT90x Release/Obj/Ft_Esd_Clock__Generated.o
 .text.Ft_Esd_Clock_Ft_Esd_PosSizeToRadius_Width__Property
                0x000003a0       0x18 C:/Users/Public/Documents/EVE Screen Designer 3.0 Web Release/esd30_newproject/Build/Default/FT90x Release/Obj/Ft_Esd_Clock__Generated.o
 .text.Ft_Esd_Clock_Ft_Esd_PosSizeToRadius_Height__Property
                0x000003b8       0x18 C:/Users/Public/Documents/EVE Screen Designer 3.0 Web Release/esd30_newproject/Build/Default/FT90x Release/Obj/Ft_Esd_Clock__Generated.o
 .text.Ft_Esd_Clock_Theme__Default
                0x000003d0       0x10 C:/Users/Public/Documents/EVE Screen Designer 3.0 Web Release/esd30_newproject/Build/Default/FT90x Release/Obj/Ft_Esd_Clock__Generated.o
                0x000003d0                Ft_Esd_Clock_Theme__Default
 .text.Ft_Esd_Clock_M__Default
                0x000003e0       0x10 C:/Users/Public/Documents/EVE Screen Designer 3.0 Web Release/esd30_newproject/Build/Default/FT90x Release/Obj/Ft_Esd_Clock__Generated.o
                0x000003e0                Ft_Esd_Clock_M__Default
 .text.Ft_Esd_Clock_X__Default
                0x000003f0       0x10 C:/Users/Public/Documents/EVE Screen Designer 3.0 Web Release/esd30_newproject/Build/Default/FT90x Release/Obj/Ft_Esd_Clock__Generated.o
                0x000003f0                Ft_Esd_Clock_X__Default
 .text.Ft_Esd_Clock_Width__Default
                0x00000400       0x10 C:/Users/Public/Documents/EVE Screen Designer 3.0 Web Release/esd30_newproject/Build/Default/FT90x Release/Obj/Ft_Esd_Clock__Generated.o
                0x00000400                Ft_Esd_Clock_Width__Default
 .text.Ft_Esd_Clock_H__Default
                0x00000410       0x10 C:/Users/Public/Documents/EVE Screen Designer 3.0 Web Release/esd30_newproject/Build/Default/FT90x Release/Obj/Ft_Esd_Clock__Generated.o
                0x00000410                Ft_Esd_Clock_H__Default
 .text.Ft_Esd_Clock__Initializer
                0x00000420       0xb0 C:/Users/Public/Documents/EVE Screen Designer 3.0 Web Release/esd30_newproject/Build/Default/FT90x Release/Obj/Ft_Esd_Clock__Generated.o
                0x00000420                Ft_Esd_Clock__Initializer
 .text.Ft_Esd_Clock_Render
                0x000004d0      0x260 C:/Users/Public/Documents/EVE Screen Designer 3.0 Web Release/esd30_newproject/Build/Default/FT90x Release/Obj/Ft_Esd_Clock__Generated.o
                0x000004d0                Ft_Esd_Clock_Render
 .text.Ft_Esd_Clock_Start
                0x00000730       0x14 C:/Users/Public/Documents/EVE Screen Designer 3.0 Web Release/esd30_newproject/Build/Default/FT90x Release/Obj/Ft_Esd_Clock__Generated.o
                0x00000730                Ft_Esd_Clock_Start
 .text.Ft_Esd_Clock_Update
                0x00000744       0x40 C:/Users/Public/Documents/EVE Screen Designer 3.0 Web Release/esd30_newproject/Build/Default/FT90x Release/Obj/Ft_Esd_Clock__Generated.o
                0x00000744                Ft_Esd_Clock_Update
 .text.Ft_Esd_PosSizeToRadius_Height__Default
                0x00000784       0x10 C:/Users/Public/Documents/EVE Screen Designer 3.0 Web Release/esd30_newproject/Build/Default/FT90x Release/Obj/Ft_Esd_PosSizeToRadius__Generated.o
                0x00000784                Ft_Esd_PosSizeToRadius_Height__Default
 .text.Ft_Esd_PosSizeToRadius_Y__Default
                0x00000794       0x10 C:/Users/Public/Documents/EVE Screen Designer 3.0 Web Release/esd30_newproject/Build/Default/FT90x Release/Obj/Ft_Esd_PosSizeToRadius__Generated.o
                0x00000794                Ft_Esd_PosSizeToRadius_Y__Default
 .text.Ft_Esd_PosSizeToRadius_Width__Default
                0x000007a4       0x10 C:/Users/Public/Documents/EVE Screen Designer 3.0 Web Release/esd30_newproject/Build/Default/FT90x Release/Obj/Ft_Esd_PosSizeToRadius__Generated.o
                0x000007a4                Ft_Esd_PosSizeToRadius_Width__Default
 .text.Ft_Esd_PosSizeToRadius_X__Default
                0x000007b4       0x10 C:/Users/Public/Documents/EVE Screen Designer 3.0 Web Release/esd30_newproject/Build/Default/FT90x Release/Obj/Ft_Esd_PosSizeToRadius__Generated.o
                0x000007b4                Ft_Esd_PosSizeToRadius_X__Default
 .text.Ft_Esd_PosSizeToRadius__Initializer
                0x000007c4       0x34 C:/Users/Public/Documents/EVE Screen Designer 3.0 Web Release/esd30_newproject/Build/Default/FT90x Release/Obj/Ft_Esd_PosSizeToRadius__Generated.o
                0x000007c4                Ft_Esd_PosSizeToRadius__Initializer
 .text.Ft_Esd_PosSizeToRadius_Radius
                0x000007f8       0xb8 C:/Users/Public/Documents/EVE Screen Designer 3.0 Web Release/esd30_newproject/Build/Default/FT90x Release/Obj/Ft_Esd_PosSizeToRadius__Generated.o
                0x000007f8                Ft_Esd_PosSizeToRadius_Radius
 .text.Ft_Esd_PosSizeToRadius_CenterX
                0x000008b0       0x5c C:/Users/Public/Documents/EVE Screen Designer 3.0 Web Release/esd30_newproject/Build/Default/FT90x Release/Obj/Ft_Esd_PosSizeToRadius__Generated.o
                0x000008b0                Ft_Esd_PosSizeToRadius_CenterX
 .text.Ft_Esd_PosSizeToRadius_CenterY
                0x0000090c       0x5c C:/Users/Public/Documents/EVE Screen Designer 3.0 Web Release/esd30_newproject/Build/Default/FT90x Release/Obj/Ft_Esd_PosSizeToRadius__Generated.o
                0x0000090c                Ft_Esd_PosSizeToRadius_CenterY
 .text.ft_millis_ticker
                0x00000968       0x30 C:/Users/Public/Documents/EVE Screen Designer 3.0 Web Release/esd30_newproject/Build/Default/FT90x Release/Obj/FT_Gpu_Hal.o
                0x00000968                ft_millis_ticker
 .text.Ft_Gpu_Hal_StartTransfer.part.0
                0x00000998       0x50 C:/Users/Public/Documents/EVE Screen Designer 3.0 Web Release/esd30_newproject/Build/Default/FT90x Release/Obj/FT_Gpu_Hal.o
 .text.Ft_Gpu_Hal_Init
                0x000009e8       0xc8 C:/Users/Public/Documents/EVE Screen Designer 3.0 Web Release/esd30_newproject/Build/Default/FT90x Release/Obj/FT_Gpu_Hal.o
                0x000009e8                Ft_Gpu_Hal_Init
 .text.Ft_Gpu_Hal_Open
                0x00000ab0       0x6c C:/Users/Public/Documents/EVE Screen Designer 3.0 Web Release/esd30_newproject/Build/Default/FT90x Release/Obj/FT_Gpu_Hal.o
                0x00000ab0                Ft_Gpu_Hal_Open
 .text.Ft_Gpu_Hal_Close
                0x00000b1c       0x14 C:/Users/Public/Documents/EVE Screen Designer 3.0 Web Release/esd30_newproject/Build/Default/FT90x Release/Obj/FT_Gpu_Hal.o
                0x00000b1c                Ft_Gpu_Hal_Close
 .text.Ft_Gpu_Hal_DeInit
                0x00000b30       0x14 C:/Users/Public/Documents/EVE Screen Designer 3.0 Web Release/esd30_newproject/Build/Default/FT90x Release/Obj/FT_Gpu_Hal.o
                0x00000b30                Ft_Gpu_Hal_DeInit
 .text.Ft_Gpu_Hal_StartTransfer
                0x00000b44       0x70 C:/Users/Public/Documents/EVE Screen Designer 3.0 Web Release/esd30_newproject/Build/Default/FT90x Release/Obj/FT_Gpu_Hal.o
                0x00000b44                Ft_Gpu_Hal_StartTransfer
 .text.Ft_Gpu_Hal_StartCmdTransfer
                0x00000bb4       0x20 C:/Users/Public/Documents/EVE Screen Designer 3.0 Web Release/esd30_newproject/Build/Default/FT90x Release/Obj/FT_Gpu_Hal.o
                0x00000bb4                Ft_Gpu_Hal_StartCmdTransfer
 .text.Ft_Gpu_Hal_Transfer8
                0x00000bd4       0x58 C:/Users/Public/Documents/EVE Screen Designer 3.0 Web Release/esd30_newproject/Build/Default/FT90x Release/Obj/FT_Gpu_Hal.o
                0x00000bd4                Ft_Gpu_Hal_Transfer8
 .text.Ft_Gpu_Hal_TransferString
                0x00000c2c       0x70 C:/Users/Public/Documents/EVE Screen Designer 3.0 Web Release/esd30_newproject/Build/Default/FT90x Release/Obj/FT_Gpu_Hal.o
                0x00000c2c                Ft_Gpu_Hal_TransferString
 .text.Ft_Gpu_Hal_Transfer16
                0x00000c9c       0x7c C:/Users/Public/Documents/EVE Screen Designer 3.0 Web Release/esd30_newproject/Build/Default/FT90x Release/Obj/FT_Gpu_Hal.o
                0x00000c9c                Ft_Gpu_Hal_Transfer16
 .text.Ft_Gpu_Hal_Transfer32
                0x00000d18       0x78 C:/Users/Public/Documents/EVE Screen Designer 3.0 Web Release/esd30_newproject/Build/Default/FT90x Release/Obj/FT_Gpu_Hal.o
                0x00000d18                Ft_Gpu_Hal_Transfer32
 .text.Ft_Gpu_Hal_EndTransfer
                0x00000d90       0x2c C:/Users/Public/Documents/EVE Screen Designer 3.0 Web Release/esd30_newproject/Build/Default/FT90x Release/Obj/FT_Gpu_Hal.o
                0x00000d90                Ft_Gpu_Hal_EndTransfer
 .text.Ft_Gpu_Hal_Rd8
                0x00000dbc       0x6c C:/Users/Public/Documents/EVE Screen Designer 3.0 Web Release/esd30_newproject/Build/Default/FT90x Release/Obj/FT_Gpu_Hal.o
                0x00000dbc                Ft_Gpu_Hal_Rd8
 .text.Ft_Gpu_Hal_Rd16
                0x00000e28       0x78 C:/Users/Public/Documents/EVE Screen Designer 3.0 Web Release/esd30_newproject/Build/Default/FT90x Release/Obj/FT_Gpu_Hal.o
                0x00000e28                Ft_Gpu_Hal_Rd16
 .text.Ft_Gpu_Hal_Rd32
                0x00000ea0       0x8c C:/Users/Public/Documents/EVE Screen Designer 3.0 Web Release/esd30_newproject/Build/Default/FT90x Release/Obj/FT_Gpu_Hal.o
                0x00000ea0                Ft_Gpu_Hal_Rd32
 .text.Ft_Gpu_Hal_Wr8
                0x00000f2c       0x50 C:/Users/Public/Documents/EVE Screen Designer 3.0 Web Release/esd30_newproject/Build/Default/FT90x Release/Obj/FT_Gpu_Hal.o
                0x00000f2c                Ft_Gpu_Hal_Wr8
 .text.Ft_Gpu_Hal_Wr16
                0x00000f7c       0x50 C:/Users/Public/Documents/EVE Screen Designer 3.0 Web Release/esd30_newproject/Build/Default/FT90x Release/Obj/FT_Gpu_Hal.o
                0x00000f7c                Ft_Gpu_Hal_Wr16
 .text.Ft_Gpu_Hal_Wr32
                0x00000fcc       0x50 C:/Users/Public/Documents/EVE Screen Designer 3.0 Web Release/esd30_newproject/Build/Default/FT90x Release/Obj/FT_Gpu_Hal.o
                0x00000fcc                Ft_Gpu_Hal_Wr32
 .text.Ft_Gpu_HostCommand
                0x0000101c       0x4c C:/Users/Public/Documents/EVE Screen Designer 3.0 Web Release/esd30_newproject/Build/Default/FT90x Release/Obj/FT_Gpu_Hal.o
                0x0000101c                Ft_Gpu_HostCommand
 .text.Ft_Gpu_Hal_Updatecmdfifo
                0x00001068       0x30 C:/Users/Public/Documents/EVE Screen Designer 3.0 Web Release/esd30_newproject/Build/Default/FT90x Release/Obj/FT_Gpu_Hal.o
                0x00001068                Ft_Gpu_Hal_Updatecmdfifo
 .text.Ft_Gpu_Hal_CheckCmdBuffer
                0x00001098       0x74 C:/Users/Public/Documents/EVE Screen Designer 3.0 Web Release/esd30_newproject/Build/Default/FT90x Release/Obj/FT_Gpu_Hal.o
                0x00001098                Ft_Gpu_Hal_CheckCmdBuffer
 .text.Ft_Gpu_Hal_WaitCmdfifo_empty
                0x0000110c       0x7c C:/Users/Public/Documents/EVE Screen Designer 3.0 Web Release/esd30_newproject/Build/Default/FT90x Release/Obj/FT_Gpu_Hal.o
                0x0000110c                Ft_Gpu_Hal_WaitCmdfifo_empty
 .text.Ft_Gpu_Hal_WrCmd32
                0x00001188       0xb4 C:/Users/Public/Documents/EVE Screen Designer 3.0 Web Release/esd30_newproject/Build/Default/FT90x Release/Obj/FT_Gpu_Hal.o
                0x00001188                Ft_Gpu_Hal_WrCmd32
 .text.Ft_Gpu_Hal_Powercycle
                0x0000123c       0x88 C:/Users/Public/Documents/EVE Screen Designer 3.0 Web Release/esd30_newproject/Build/Default/FT90x Release/Obj/FT_Gpu_Hal.o
                0x0000123c                Ft_Gpu_Hal_Powercycle
 .text.Ft_Gpu_Hal_WrMem
                0x000012c4       0x60 C:/Users/Public/Documents/EVE Screen Designer 3.0 Web Release/esd30_newproject/Build/Default/FT90x Release/Obj/FT_Gpu_Hal.o
                0x000012c4                Ft_Gpu_Hal_WrMem
 .text.Ft_Gpu_Hal_RdMem
                0x00001324       0x70 C:/Users/Public/Documents/EVE Screen Designer 3.0 Web Release/esd30_newproject/Build/Default/FT90x Release/Obj/FT_Gpu_Hal.o
                0x00001324                Ft_Gpu_Hal_RdMem
 .text.Ft_Gpu_Hal_Sleep
                0x00001394       0x10 C:/Users/Public/Documents/EVE Screen Designer 3.0 Web Release/esd30_newproject/Build/Default/FT90x Release/Obj/FT_Gpu_Hal.o
                0x00001394                Ft_Gpu_Hal_Sleep
 .text.Ft_Gpu_Hal_SetSPI
                0x000013a4       0x70 C:/Users/Public/Documents/EVE Screen Designer 3.0 Web Release/esd30_newproject/Build/Default/FT90x Release/Obj/FT_Gpu_Hal.o
                0x000013a4                Ft_Gpu_Hal_SetSPI
 .text.ft_millis_init
                0x00001414       0x68 C:/Users/Public/Documents/EVE Screen Designer 3.0 Web Release/esd30_newproject/Build/Default/FT90x Release/Obj/FT_Gpu_Hal.o
                0x00001414                ft_millis_init
 .text.ft_millis
                0x0000147c       0x10 C:/Users/Public/Documents/EVE Screen Designer 3.0 Web Release/esd30_newproject/Build/Default/FT90x Release/Obj/FT_Gpu_Hal.o
                0x0000147c                ft_millis
 .text.Ft_Esd_GpuAlloc_Reset
                0x0000148c       0xa4 C:/Users/Public/Documents/EVE Screen Designer 3.0 Web Release/esd30_newproject/Build/Default/FT90x Release/Obj/Ft_Esd_GpuAlloc.o
                0x0000148c                Ft_Esd_GpuAlloc_Reset
 .text.Ft_Esd_GpuAlloc_CollapseFree
                0x00001530      0x1bc C:/Users/Public/Documents/EVE Screen Designer 3.0 Web Release/esd30_newproject/Build/Default/FT90x Release/Obj/Ft_Esd_GpuAlloc.o
                0x00001530                Ft_Esd_GpuAlloc_CollapseFree
 .text.Ft_Esd_GpuAlloc_Update
                0x000016ec      0x108 C:/Users/Public/Documents/EVE Screen Designer 3.0 Web Release/esd30_newproject/Build/Default/FT90x Release/Obj/Ft_Esd_GpuAlloc.o
                0x000016ec                Ft_Esd_GpuAlloc_Update
 .text.Ft_Esd_Noop
                0x000017f4        0xc C:/Users/Public/Documents/EVE Screen Designer 3.0 Web Release/esd30_newproject/Build/Default/FT90x Release/Obj/Ft_Esd.o
                0x000017f4                Ft_Esd_Noop
 .text.Ft_Gpu_CoCmd_Text
                0x00001800       0xd4 C:/Users/Public/Documents/EVE Screen Designer 3.0 Web Release/esd30_newproject/Build/Default/FT90x Release/Obj/FT_CoPro_Cmds.o
                0x00001800                Ft_Gpu_CoCmd_Text
 .text.Ft_Gpu_CoCmd_Spinner
                0x000018d4       0xa4 C:/Users/Public/Documents/EVE Screen Designer 3.0 Web Release/esd30_newproject/Build/Default/FT90x Release/Obj/FT_CoPro_Cmds.o
                0x000018d4                Ft_Gpu_CoCmd_Spinner
 .text.Ft_Gpu_CoCmd_BgColor
                0x00001978       0x68 C:/Users/Public/Documents/EVE Screen Designer 3.0 Web Release/esd30_newproject/Build/Default/FT90x Release/Obj/FT_CoPro_Cmds.o
                0x00001978                Ft_Gpu_CoCmd_BgColor
 .text.Ft_Gpu_CoCmd_Swap
                0x000019e0       0x50 C:/Users/Public/Documents/EVE Screen Designer 3.0 Web Release/esd30_newproject/Build/Default/FT90x Release/Obj/FT_CoPro_Cmds.o
                0x000019e0                Ft_Gpu_CoCmd_Swap
 .text.Ft_Gpu_CoCmd_Stop
                0x00001a30       0x50 C:/Users/Public/Documents/EVE Screen Designer 3.0 Web Release/esd30_newproject/Build/Default/FT90x Release/Obj/FT_CoPro_Cmds.o
                0x00001a30                Ft_Gpu_CoCmd_Stop
 .text.Ft_Gpu_CoCmd_Calibrate
                0x00001a80       0x70 C:/Users/Public/Documents/EVE Screen Designer 3.0 Web Release/esd30_newproject/Build/Default/FT90x Release/Obj/FT_CoPro_Cmds.o
                0x00001a80                Ft_Gpu_CoCmd_Calibrate
 .text.Ft_Gpu_CoCmd_Clock
                0x00001af0       0xf8 C:/Users/Public/Documents/EVE Screen Designer 3.0 Web Release/esd30_newproject/Build/Default/FT90x Release/Obj/FT_CoPro_Cmds.o
                0x00001af0                Ft_Gpu_CoCmd_Clock
 .text.Ft_Gpu_CoCmd_Dlstart
                0x00001be8       0x50 C:/Users/Public/Documents/EVE Screen Designer 3.0 Web Release/esd30_newproject/Build/Default/FT90x Release/Obj/FT_CoPro_Cmds.o
                0x00001be8                Ft_Gpu_CoCmd_Dlstart
 .text.Ft_Esd_Timer_RunGlobal
                0x00001c38       0xe4 C:/Users/Public/Documents/EVE Screen Designer 3.0 Web Release/esd30_newproject/Build/Default/FT90x Release/Obj/Ft_Esd_Timer.o
                0x00001c38                Ft_Esd_Timer_RunGlobal
 .text.Ft_Esd_Timer_UpdateGlobal
                0x00001d1c       0xd8 C:/Users/Public/Documents/EVE Screen Designer 3.0 Web Release/esd30_newproject/Build/Default/FT90x Release/Obj/Ft_Esd_Timer.o
                0x00001d1c                Ft_Esd_Timer_UpdateGlobal
 .text.Ft_Esd_Timer_CancelGlobal
                0x00001df4       0x14 C:/Users/Public/Documents/EVE Screen Designer 3.0 Web Release/esd30_newproject/Build/Default/FT90x Release/Obj/Ft_Esd_Timer.o
                0x00001df4                Ft_Esd_Timer_CancelGlobal
 .text.Ft_Esd_Label_Font__Default
                0x00001e08       0x10 C:/Users/Public/Documents/EVE Screen Designer 3.0 Web Release/esd30_newproject/Build/Default/FT90x Release/Obj/Ft_Esd_Label__Generated.o
                0x00001e08                Ft_Esd_Label_Font__Default
 .text.Ft_Esd_Label_Text__Default
                0x00001e18       0x10 C:/Users/Public/Documents/EVE Screen Designer 3.0 Web Release/esd30_newproject/Build/Default/FT90x Release/Obj/Ft_Esd_Label__Generated.o
                0x00001e18                Ft_Esd_Label_Text__Default
 .text.Ft_Esd_Label_Y__Default
                0x00001e28       0x10 C:/Users/Public/Documents/EVE Screen Designer 3.0 Web Release/esd30_newproject/Build/Default/FT90x Release/Obj/Ft_Esd_Label__Generated.o
                0x00001e28                Ft_Esd_Label_Y__Default
 .text.Ft_Esd_Label_Width__Default
                0x00001e38       0x10 C:/Users/Public/Documents/EVE Screen Designer 3.0 Web Release/esd30_newproject/Build/Default/FT90x Release/Obj/Ft_Esd_Label__Generated.o
                0x00001e38                Ft_Esd_Label_Width__Default
 .text.Ft_Esd_Label_Height__Default
                0x00001e48       0x10 C:/Users/Public/Documents/EVE Screen Designer 3.0 Web Release/esd30_newproject/Build/Default/FT90x Release/Obj/Ft_Esd_Label__Generated.o
                0x00001e48                Ft_Esd_Label_Height__Default
 .text.Ft_Esd_Label_AlignY__Default
                0x00001e58       0x10 C:/Users/Public/Documents/EVE Screen Designer 3.0 Web Release/esd30_newproject/Build/Default/FT90x Release/Obj/Ft_Esd_Label__Generated.o
                0x00001e58                Ft_Esd_Label_AlignY__Default
 .text.Ft_Esd_Label_Theme__Default
                0x00001e68       0x10 C:/Users/Public/Documents/EVE Screen Designer 3.0 Web Release/esd30_newproject/Build/Default/FT90x Release/Obj/Ft_Esd_Label__Generated.o
                0x00001e68                Ft_Esd_Label_Theme__Default
 .text.Ft_Esd_Label_AlignX__Default
                0x00001e78       0x10 C:/Users/Public/Documents/EVE Screen Designer 3.0 Web Release/esd30_newproject/Build/Default/FT90x Release/Obj/Ft_Esd_Label__Generated.o
                0x00001e78                Ft_Esd_Label_AlignX__Default
 .text.Ft_Esd_Label_X__Default
                0x00001e88       0x10 C:/Users/Public/Documents/EVE Screen Designer 3.0 Web Release/esd30_newproject/Build/Default/FT90x Release/Obj/Ft_Esd_Label__Generated.o
                0x00001e88                Ft_Esd_Label_X__Default
 .text.Ft_Esd_Label__Initializer
                0x00001e98       0x5c C:/Users/Public/Documents/EVE Screen Designer 3.0 Web Release/esd30_newproject/Build/Default/FT90x Release/Obj/Ft_Esd_Label__Generated.o
                0x00001e98                Ft_Esd_Label__Initializer
 .text.Ft_Esd_Label_Render
                0x00001ef4      0x39c C:/Users/Public/Documents/EVE Screen Designer 3.0 Web Release/esd30_newproject/Build/Default/FT90x Release/Obj/Ft_Esd_Label__Generated.o
                0x00001ef4                Ft_Esd_Label_Render
 .text.Ft_Esd_TouchTag__Initializer
                0x00002290       0x14 C:/Users/Public/Documents/EVE Screen Designer 3.0 Web Release/esd30_newproject/Build/Default/FT90x Release/Obj/Ft_Esd_TouchTag.o
                0x00002290                Ft_Esd_TouchTag__Initializer
 .text.Ft_Esd_TouchTag_Start
                0x000022a4       0x8c C:/Users/Public/Documents/EVE Screen Designer 3.0 Web Release/esd30_newproject/Build/Default/FT90x Release/Obj/Ft_Esd_TouchTag.o
                0x000022a4                Ft_Esd_TouchTag_Start
 .text.Ft_Esd_TouchTag_Update
                0x00002330      0x224 C:/Users/Public/Documents/EVE Screen Designer 3.0 Web Release/esd30_newproject/Build/Default/FT90x Release/Obj/Ft_Esd_TouchTag.o
                0x00002330                Ft_Esd_TouchTag_Update
 .text.Ft_Esd_TouchTag_Touching
                0x00002554       0x2c C:/Users/Public/Documents/EVE Screen Designer 3.0 Web Release/esd30_newproject/Build/Default/FT90x Release/Obj/Ft_Esd_TouchTag.o
                0x00002554                Ft_Esd_TouchTag_Touching
 .text.Ft_Esd_TouchTag_Tag
                0x00002580       0x24 C:/Users/Public/Documents/EVE Screen Designer 3.0 Web Release/esd30_newproject/Build/Default/FT90x Release/Obj/Ft_Esd_TouchTag.o
                0x00002580                Ft_Esd_TouchTag_Tag
 .text.Ft_Esd_GetMillis
                0x000025a4       0x10 C:/Users/Public/Documents/EVE Screen Designer 3.0 Web Release/esd30_newproject/Build/Default/FT90x Release/Obj/Ft_Esd_App.o
                0x000025a4                Ft_Esd_GetMillis
 .text.Ft_Esd_GetHost
                0x000025b4       0x10 C:/Users/Public/Documents/EVE Screen Designer 3.0 Web Release/esd30_newproject/Build/Default/FT90x Release/Obj/Ft_Esd_App.o
                0x000025b4                Ft_Esd_GetHost
 .text.FT900_Config
                0x000025c4       0x64 C:/Users/Public/Documents/EVE Screen Designer 3.0 Web Release/esd30_newproject/Build/Default/FT90x Release/Obj/Ft_Esd_App.o
                0x000025c4                FT900_Config
 .text.FT800_BootupConfig
                0x00002628      0x3b4 C:/Users/Public/Documents/EVE Screen Designer 3.0 Web Release/esd30_newproject/Build/Default/FT90x Release/Obj/Ft_Esd_App.o
                0x00002628                FT800_BootupConfig
 .text.FT900_InitSDCard
                0x000029dc      0x144 C:/Users/Public/Documents/EVE Screen Designer 3.0 Web Release/esd30_newproject/Build/Default/FT90x Release/Obj/Ft_Esd_App.o
                0x000029dc                FT900_InitSDCard
 .text.App_CoPro_Widget_Calibrate
                0x00002b20       0xac C:/Users/Public/Documents/EVE Screen Designer 3.0 Web Release/esd30_newproject/Build/Default/FT90x Release/Obj/Ft_Esd_App.o
                0x00002b20                App_CoPro_Widget_Calibrate
 .text.Ft_Esd_InitFontHeight
                0x00002bcc       0x6c C:/Users/Public/Documents/EVE Screen Designer 3.0 Web Release/esd30_newproject/Build/Default/FT90x Release/Obj/Ft_Esd_App.o
                0x00002bcc                Ft_Esd_InitFontHeight
 .text.startup.main
                0x00002c38       0xf0 C:/Users/Public/Documents/EVE Screen Designer 3.0 Web Release/esd30_newproject/Build/Default/FT90x Release/Obj/Ft_Esd_App.o
                0x00002c38                main
 .text.Ft_Esd_MainLoop
                0x00002d28      0x2d8 C:/Users/Public/Documents/EVE Screen Designer 3.0 Web Release/esd30_newproject/Build/Default/FT90x Release/Obj/FT_Esd_MainLoop.o
                0x00002d28                Ft_Esd_MainLoop
 .text.Ft_Esd_Theme_GetCurrent
                0x00003000       0x10 C:/Users/Public/Documents/EVE Screen Designer 3.0 Web Release/esd30_newproject/Build/Default/FT90x Release/Obj/Ft_Esd_Theme.o
                0x00003000                Ft_Esd_Theme_GetCurrent
 .text.MainPage_ESD3_Label_Font__Property
                0x00003010       0x10 C:/Users/Public/Documents/EVE Screen Designer 3.0 Web Release/esd30_newproject/Build/Default/FT90x Release/Obj/MainPage__Generated.o
 .text.MainPage_ESD3_Label_Text__Property
                0x00003020       0x10 C:/Users/Public/Documents/EVE Screen Designer 3.0 Web Release/esd30_newproject/Build/Default/FT90x Release/Obj/MainPage__Generated.o
 .text.MainPage_ESD3_Label_X__Property
                0x00003030       0x10 C:/Users/Public/Documents/EVE Screen Designer 3.0 Web Release/esd30_newproject/Build/Default/FT90x Release/Obj/MainPage__Generated.o
 .text.MainPage_ESD_Clock_X__Property
                0x00003040       0x10 C:/Users/Public/Documents/EVE Screen Designer 3.0 Web Release/esd30_newproject/Build/Default/FT90x Release/Obj/MainPage__Generated.o
 .text.MainPage_ESD_Clock_Y__Property
                0x00003050       0x10 C:/Users/Public/Documents/EVE Screen Designer 3.0 Web Release/esd30_newproject/Build/Default/FT90x Release/Obj/MainPage__Generated.o
 .text.MainPage__Initializer
                0x00003060       0x60 C:/Users/Public/Documents/EVE Screen Designer 3.0 Web Release/esd30_newproject/Build/Default/FT90x Release/Obj/MainPage__Generated.o
                0x00003060                MainPage__Initializer
 .text.MainPage_Start
                0x000030c0       0x14 C:/Users/Public/Documents/EVE Screen Designer 3.0 Web Release/esd30_newproject/Build/Default/FT90x Release/Obj/MainPage__Generated.o
                0x000030c0                MainPage_Start
 .text.MainPage_Update
                0x000030d4       0x14 C:/Users/Public/Documents/EVE Screen Designer 3.0 Web Release/esd30_newproject/Build/Default/FT90x Release/Obj/MainPage__Generated.o
                0x000030d4                MainPage_Update
 .text.MainPage_Render
                0x000030e8       0x28 C:/Users/Public/Documents/EVE Screen Designer 3.0 Web Release/esd30_newproject/Build/Default/FT90x Release/Obj/MainPage__Generated.o
                0x000030e8                MainPage_Render
 .text.MainPage_Idle
                0x00003110        0xc C:/Users/Public/Documents/EVE Screen Designer 3.0 Web Release/esd30_newproject/Build/Default/FT90x Release/Obj/MainPage__Generated.o
                0x00003110                MainPage_Idle
 .text.Ft_Esd_ResetGpuState
                0x0000311c       0x78 C:/Users/Public/Documents/EVE Screen Designer 3.0 Web Release/esd30_newproject/Build/Default/FT90x Release/Obj/FT_Esd_Dl.o
                0x0000311c                Ft_Esd_ResetGpuState
 .text.Ft_Esd_ResetCoState
                0x00003194       0x1c C:/Users/Public/Documents/EVE Screen Designer 3.0 Web Release/esd30_newproject/Build/Default/FT90x Release/Obj/FT_Esd_Dl.o
                0x00003194                Ft_Esd_ResetCoState
 .text.get_ldnumber
                0x000031b0       0xac C:/Users/Public/Documents/EVE Screen Designer 3.0 Web Release/esd30_newproject/Build/Default/FT90x Release/Obj/ff.o
 .text.sync_window.part.1
                0x0000325c       0xd8 C:/Users/Public/Documents/EVE Screen Designer 3.0 Web Release/esd30_newproject/Build/Default/FT90x Release/Obj/ff.o
 .text.move_window.part.2
                0x00003334       0x70 C:/Users/Public/Documents/EVE Screen Designer 3.0 Web Release/esd30_newproject/Build/Default/FT90x Release/Obj/ff.o
 .text.check_fs
                0x000033a4       0xdc C:/Users/Public/Documents/EVE Screen Designer 3.0 Web Release/esd30_newproject/Build/Default/FT90x Release/Obj/ff.o
 .text.find_volume
                0x00003480      0x520 C:/Users/Public/Documents/EVE Screen Designer 3.0 Web Release/esd30_newproject/Build/Default/FT90x Release/Obj/ff.o
 .text.f_mount  0x000039a0       0xb0 C:/Users/Public/Documents/EVE Screen Designer 3.0 Web Release/esd30_newproject/Build/Default/FT90x Release/Obj/ff.o
                0x000039a0                f_mount
 .text.disk_initialize
                0x00003a50       0x28 C:/Users/Public/Documents/EVE Screen Designer 3.0 Web Release/esd30_newproject/Build/Default/FT90x Release/Obj/diskio.o
                0x00003a50                disk_initialize
 .text.disk_status
                0x00003a78       0x44 C:/Users/Public/Documents/EVE Screen Designer 3.0 Web Release/esd30_newproject/Build/Default/FT90x Release/Obj/diskio.o
                0x00003a78                disk_status
 .text.disk_read
                0x00003abc      0x120 C:/Users/Public/Documents/EVE Screen Designer 3.0 Web Release/esd30_newproject/Build/Default/FT90x Release/Obj/diskio.o
                0x00003abc                disk_read
 .text.disk_write
                0x00003bdc       0xe8 C:/Users/Public/Documents/EVE Screen Designer 3.0 Web Release/esd30_newproject/Build/Default/FT90x Release/Obj/diskio.o
                0x00003bdc                disk_write
 .text.App__Main_Page__Validate
                0x00003cc4       0x4c C:/Users/Public/Documents/EVE Screen Designer 3.0 Web Release/esd30_newproject/Build/Default/FT90x Release/Obj/App__Generated.o
 .text.Ft_Main__Start
                0x00003d10       0x3c C:/Users/Public/Documents/EVE Screen Designer 3.0 Web Release/esd30_newproject/Build/Default/FT90x Release/Obj/App__Generated.o
                0x00003d10                Ft_Main__Start
 .text.Ft_Main__Update
                0x00003d4c       0x18 C:/Users/Public/Documents/EVE Screen Designer 3.0 Web Release/esd30_newproject/Build/Default/FT90x Release/Obj/App__Generated.o
                0x00003d4c                Ft_Main__Update
 .text.Ft_Main__Render
                0x00003d64       0x18 C:/Users/Public/Documents/EVE Screen Designer 3.0 Web Release/esd30_newproject/Build/Default/FT90x Release/Obj/App__Generated.o
                0x00003d64                Ft_Main__Render
 .text.Ft_Main__Idle
                0x00003d7c       0x18 C:/Users/Public/Documents/EVE Screen Designer 3.0 Web Release/esd30_newproject/Build/Default/FT90x Release/Obj/App__Generated.o
                0x00003d7c                Ft_Main(int13_t,...)
 .text          0x00003d94       0x30 C:/Users/paul.jiao/tools/\Bridgetek/FT9xxToolchain/Toolchain/tools/ft32-elf/lib\libc.a(lib_a-malloc.o)
                0x00003d94                malloc
                0x00003dac                free
 .text          0x00003dc4      0x680 C:/Users/paul.jiao/tools/\Bridgetek/FT9xxToolchain/Toolchain/tools/ft32-elf/lib\libc.a(lib_a-mallocr.o)
                0x00003dc4                _malloc_r
 .text          0x00004444       0x6c C:/Users/paul.jiao/tools/\Bridgetek/FT9xxToolchain/Toolchain/tools/ft32-elf/lib\libc.a(lib_a-memmove.o)
                0x00004444                memmove
 .text          0x000044b0       0x24 C:/Users/paul.jiao/tools/\Bridgetek/FT9xxToolchain/Toolchain/tools/ft32-elf/lib\libc.a(lib_a-memset.o)
                0x000044b0                memset
 .text          0x000044d4       0x18 C:/Users/paul.jiao/tools/\Bridgetek/FT9xxToolchain/Toolchain/tools/ft32-elf/lib\libc.a(lib_a-mlock.o)
                0x000044d4                __malloc_lock
                0x000044e0                __malloc_unlock
 .text          0x000044ec       0x84 C:/Users/paul.jiao/tools/\Bridgetek/FT9xxToolchain/Toolchain/tools/ft32-elf/lib\libc.a(lib_a-printf.o)
                0x000044ec                _printf_r
                0x00004528                printf
 .text          0x00004570       0xc8 C:/Users/paul.jiao/tools/\Bridgetek/FT9xxToolchain/Toolchain/tools/ft32-elf/lib\libc.a(lib_a-puts.o)
                0x00004570                _puts_r
                0x00004620                puts
 .text          0x00004638       0x3c C:/Users/paul.jiao/tools/\Bridgetek/FT9xxToolchain/Toolchain/tools/ft32-elf/lib\libc.a(lib_a-sbrkr.o)
                0x00004638                _sbrk_r
 .text          0x00004674        0x8 C:/Users/paul.jiao/tools/\Bridgetek/FT9xxToolchain/Toolchain/tools/ft32-elf/lib\libc.a(lib_a-strlen.o)
                0x00004674                strlen
 .text          0x0000467c     0x1aa8 C:/Users/paul.jiao/tools/\Bridgetek/FT9xxToolchain/Toolchain/tools/ft32-elf/lib\libc.a(lib_a-vfprintf.o)
                0x0000467c                _vfprintf_r
                0x00006040                vfprintf
 .text          0x00006124      0x154 C:/Users/paul.jiao/tools/\Bridgetek/FT9xxToolchain/Toolchain/tools/ft32-elf/lib\libc.a(lib_a-wsetup.o)
                0x00006124                __swsetup_r
 .text          0x00006278     0x13b8 C:/Users/paul.jiao/tools/\Bridgetek/FT9xxToolchain/Toolchain/tools/ft32-elf/lib\libc.a(lib_a-dtoa.o)
                0x00006428                _dtoa_r
 .text          0x00007630      0x2ac C:/Users/paul.jiao/tools/\Bridgetek/FT9xxToolchain/Toolchain/tools/ft32-elf/lib\libc.a(lib_a-fflush.o)
                0x00007630                __sflush_r
                0x0000785c                _fflush_r
                0x000078ac                fflush
 .text          0x000078dc      0x2e0 C:/Users/paul.jiao/tools/\Bridgetek/FT9xxToolchain/Toolchain/tools/ft32-elf/lib\libc.a(lib_a-findfp.o)
                0x000078ec                _cleanup_r
                0x00007980                __sfmoreglue
                0x000079d0                _cleanup
                0x000079e4                __sinit
                0x00007a70                __sfp
                0x00007b5c                __sfp_lock_acquire
                0x00007b68                __sfp_lock_release
                0x00007b74                __sinit_lock_acquire
                0x00007b80                __sinit_lock_release
                0x00007b8c                __fp_lock_all
                0x00007ba4                __fp_unlock_all
 .text          0x00007bbc      0x364 C:/Users/paul.jiao/tools/\Bridgetek/FT9xxToolchain/Toolchain/tools/ft32-elf/lib\libc.a(lib_a-freer.o)
                0x00007bbc                _malloc_trim_r
                0x00007cb0                _free_r
 .text          0x00007f20      0x498 C:/Users/paul.jiao/tools/\Bridgetek/FT9xxToolchain/Toolchain/tools/ft32-elf/lib\libc.a(lib_a-fvwrite.o)
                0x00007f20                __sfvwrite_r
 .text          0x000083b8      0x100 C:/Users/paul.jiao/tools/\Bridgetek/FT9xxToolchain/Toolchain/tools/ft32-elf/lib\libc.a(lib_a-fwalk.o)
                0x000083b8                _fwalk
                0x00008434                _fwalk_reent
 .text          0x000084b8       0x58 C:/Users/paul.jiao/tools/\Bridgetek/FT9xxToolchain/Toolchain/tools/ft32-elf/lib\libc.a(lib_a-localeconv.o)
                0x000084b8                __localeconv_l
                0x000084c8                _localeconv_r
                0x000084ec                localeconv
 .text          0x00008510       0xe8 C:/Users/paul.jiao/tools/\Bridgetek/FT9xxToolchain/Toolchain/tools/ft32-elf/lib\libc.a(lib_a-locale.o)
                0x00008510                _setlocale_r
                0x00008574                __locale_mb_cur_max
                0x000085a0                __locale_ctype_ptr_l
                0x000085b4                __locale_ctype_ptr
                0x000085dc                setlocale
 .text          0x000085f8      0x184 C:/Users/paul.jiao/tools/\Bridgetek/FT9xxToolchain/Toolchain/tools/ft32-elf/lib\libc.a(lib_a-makebuf.o)
                0x000085f8                __swhatbuf_r
                0x00008690                __smakebuf_r
 .text          0x0000877c       0x74 C:/Users/paul.jiao/tools/\Bridgetek/FT9xxToolchain/Toolchain/tools/ft32-elf/lib\libc.a(lib_a-mbtowc_r.o)
                0x0000877c                _mbtowc_r
                0x000087a8                __ascii_mbtowc
 .text          0x000087f0       0x30 C:/Users/paul.jiao/tools/\Bridgetek/FT9xxToolchain/Toolchain/tools/ft32-elf/lib\libc.a(lib_a-memchr.o)
                0x000087f0                memchr
 .text          0x00008820       0x28 C:/Users/paul.jiao/tools/\Bridgetek/FT9xxToolchain/Toolchain/tools/ft32-elf/lib\libc.a(lib_a-memcpy.o)
                0x00008820                memcpy
 .text          0x00008848      0xe30 C:/Users/paul.jiao/tools/\Bridgetek/FT9xxToolchain/Toolchain/tools/ft32-elf/lib\libc.a(lib_a-mprec.o)
                0x00008848                _Balloc
                0x000088e4                _Bfree
                0x00008914                __multadd
                0x000089ec                __s2b
                0x00008ad4                __hi0bits
                0x00008b6c                __lo0bits
                0x00008c34                __i2b
                0x00008c5c                __multiply
                0x00008e24                __pow5mult
                0x00008f0c                __lshift
                0x00009030                __mcmp
                0x0000909c                __mdiff
                0x000091f8                __ulp
                0x00009278                __b2d
                0x00009370                __d2b
                0x00009494                __ratio
                0x00009528                _mprec_log10
                0x0000958c                __copybits
                0x000095f4                __any_on
 .text          0x00009678      0x52c C:/Users/paul.jiao/tools/\Bridgetek/FT9xxToolchain/Toolchain/tools/ft32-elf/lib\libc.a(lib_a-reallocr.o)
                0x00009678                _realloc_r
 .text          0x00009ba4      0x11c C:/Users/paul.jiao/tools/\Bridgetek/FT9xxToolchain/Toolchain/tools/ft32-elf/lib\libc.a(lib_a-stdio.o)
                0x00009ba4                __sread
                0x00009be8                __seofread
                0x00009bf8                __swrite
                0x00009c60                __sseek
                0x00009ca8                __sclose
 .text          0x00009cc0        0x8 C:/Users/paul.jiao/tools/\Bridgetek/FT9xxToolchain/Toolchain/tools/ft32-elf/lib\libc.a(lib_a-strcmp.o)
                0x00009cc0                strcmp
 .text          0x00009cc8      0xd4c C:/Users/paul.jiao/tools/\Bridgetek/FT9xxToolchain/Toolchain/tools/ft32-elf/lib\libc.a(lib_a-vfiprintf.o)
                0x00009cc8                __sprint_r
                0x00009d80                _vfiprintf_r
                0x0000a930                vfiprintf
 .text          0x0000aa14       0x68 C:/Users/paul.jiao/tools/\Bridgetek/FT9xxToolchain/Toolchain/tools/ft32-elf/lib\libc.a(lib_a-wctomb_r.o)
                0x0000aa14                _wctomb_r
                0x0000aa40                __ascii_wctomb
 .text          0x0000aa7c       0x44 C:/Users/paul.jiao/tools/\Bridgetek/FT9xxToolchain/Toolchain/tools/ft32-elf/lib\libc.a(lib_a-writer.o)
                0x0000aa7c                _write_r
 .text          0x0000aac0       0xa0 C:/Users/paul.jiao/tools/\Bridgetek/FT9xxToolchain/Toolchain/tools/ft32-elf/lib\libc.a(lib_a-callocr.o)
                0x0000aac0                _calloc_r
 .text          0x0000ab60       0x3c C:/Users/paul.jiao/tools/\Bridgetek/FT9xxToolchain/Toolchain/tools/ft32-elf/lib\libc.a(lib_a-closer.o)
                0x0000ab60                _close_r
 .text          0x0000ab9c      0x114 C:/Users/paul.jiao/tools/\Bridgetek/FT9xxToolchain/Toolchain/tools/ft32-elf/lib\libc.a(lib_a-fclose.o)
                0x0000ab9c                _fclose_r
                0x0000ac98                fclose
 .text          0x0000acb0      0x168 C:/Users/paul.jiao/tools/\Bridgetek/FT9xxToolchain/Toolchain/tools/ft32-elf/lib\libc.a(lib_a-fputwc.o)
                0x0000acb0                __fputwc
                0x0000ad9c                _fputwc_r
                0x0000add0                fputwc
 .text          0x0000ae18       0x40 C:/Users/paul.jiao/tools/\Bridgetek/FT9xxToolchain/Toolchain/tools/ft32-elf/lib\libc.a(lib_a-fstatr.o)
                0x0000ae18                _fstat_r
 .text          0x0000ae58       0x3c C:/Users/paul.jiao/tools/\Bridgetek/FT9xxToolchain/Toolchain/tools/ft32-elf/lib\libc.a(lib_a-isattyr.o)
                0x0000ae58                _isatty_r
 .text          0x0000ae94       0x44 C:/Users/paul.jiao/tools/\Bridgetek/FT9xxToolchain/Toolchain/tools/ft32-elf/lib\libc.a(lib_a-lseekr.o)
                0x0000ae94                _lseek_r
 .text          0x0000aed8       0x44 C:/Users/paul.jiao/tools/\Bridgetek/FT9xxToolchain/Toolchain/tools/ft32-elf/lib\libc.a(lib_a-readr.o)
                0x0000aed8                _read_r
 .text          0x0000af1c      0x148 C:/Users/paul.jiao/tools/\Bridgetek/FT9xxToolchain/Toolchain/tools/ft32-elf/lib\libc.a(lib_a-wbuf.o)
                0x0000af1c                __swbuf_r
                0x0000b048                __swbuf
 .text          0x0000b064       0xa4 C:/Users/paul.jiao/tools/\Bridgetek/FT9xxToolchain/Toolchain/tools/ft32-elf/lib\libc.a(lib_a-wcrtomb.o)
                0x0000b064                _wcrtomb_r
                0x0000b0e8                wcrtomb
 .text.is900    0x0000b108       0x1c C:/Users/paul.jiao/tools/\Bridgetek/FT9xxToolchain/Toolchain/tools/ft32-elf/lib\libstub.a(stdio.o)
                0x0000b108                is900
 .text.uart_raw_tx
                0x0000b124       0x30 C:/Users/paul.jiao/tools/\Bridgetek/FT9xxToolchain/Toolchain/tools/ft32-elf/lib\libstub.a(stdio.o)
                0x0000b124                uart_raw_tx
 .text.uart_tx  0x0000b154       0x24 C:/Users/paul.jiao/tools/\Bridgetek/FT9xxToolchain/Toolchain/tools/ft32-elf/lib\libstub.a(stdio.o)
                0x0000b154                uart_tx
 .text.uart_rx  0x0000b178       0x28 C:/Users/paul.jiao/tools/\Bridgetek/FT9xxToolchain/Toolchain/tools/ft32-elf/lib\libstub.a(stdio.o)
                0x0000b178                uart_rx
 .text._write   0x0000b1a0       0x30 C:/Users/paul.jiao/tools/\Bridgetek/FT9xxToolchain/Toolchain/tools/ft32-elf/lib\libstub.a(stdio.o)
                0x0000b1a0                _write
 .text._read    0x0000b1d0       0x18 C:/Users/paul.jiao/tools/\Bridgetek/FT9xxToolchain/Toolchain/tools/ft32-elf/lib\libstub.a(stdio.o)
                0x0000b1d0                _read
 .text          0x0000b1e8       0x28 C:/Users/paul.jiao/tools/\Bridgetek/FT9xxToolchain/Toolchain/tools/ft32-elf/lib\libstub.a(sbrk.o)
                0x0000b1e8                _sbrk
 .text._close   0x0000b210        0x8 C:/Users/paul.jiao/tools/\Bridgetek/FT9xxToolchain/Toolchain/tools/ft32-elf/lib\libstub.a(unimpl.o)
                0x0000b210                _close
 .text._fstat   0x0000b218        0x8 C:/Users/paul.jiao/tools/\Bridgetek/FT9xxToolchain/Toolchain/tools/ft32-elf/lib\libstub.a(unimpl.o)
                0x0000b218                _fstat
 .text._isatty  0x0000b220        0x8 C:/Users/paul.jiao/tools/\Bridgetek/FT9xxToolchain/Toolchain/tools/ft32-elf/lib\libstub.a(unimpl.o)
                0x0000b220                _isatty
 .text._lseek   0x0000b228        0x8 C:/Users/paul.jiao/tools/\Bridgetek/FT9xxToolchain/Toolchain/tools/ft32-elf/lib\libstub.a(unimpl.o)
                0x0000b228                _lseek
 .text.delayus  0x0000b230       0x38 C:/Users/paul.jiao/tools/\Bridgetek/FT9xxToolchain/Toolchain/hardware/lib\libft900.a(delay.o)
                0x0000b230                delayus
 .text.delayms  0x0000b268       0x30 C:/Users/paul.jiao/tools/\Bridgetek/FT9xxToolchain/Toolchain/hardware/lib\libft900.a(delay.o)
                0x0000b268                delayms
 .text.gpio_dir
                0x0000b298       0xc8 C:/Users/paul.jiao/tools/\Bridgetek/FT9xxToolchain/Toolchain/hardware/lib\libft900.a(gpio.o)
                0x0000b298                gpio_dir
 .text.gpio_pull
                0x0000b360       0xd8 C:/Users/paul.jiao/tools/\Bridgetek/FT9xxToolchain/Toolchain/hardware/lib\libft900.a(gpio.o)
                0x0000b360                gpio_pull
 .text.gpio_function
                0x0000b438       0xd8 C:/Users/paul.jiao/tools/\Bridgetek/FT9xxToolchain/Toolchain/hardware/lib\libft900.a(gpio.o)
                0x0000b438                gpio_function
 .text.gpio_write
                0x0000b510       0xb0 C:/Users/paul.jiao/tools/\Bridgetek/FT9xxToolchain/Toolchain/hardware/lib\libft900.a(gpio.o)
                0x0000b510                gpio_write
 .text.interrupt_attach
                0x0000b5c0       0x64 C:/Users/paul.jiao/tools/\Bridgetek/FT9xxToolchain/Toolchain/hardware/lib\libft900.a(interrupt.o)
                0x0000b5c0                interrupt_attach
 .text.read_sdhost_reg
                0x0000b624      0x1e0 C:/Users/paul.jiao/tools/\Bridgetek/FT9xxToolchain/Toolchain/hardware/lib\libft900.a(sdhost.o)
 .text.write_sdhost_reg
                0x0000b804      0x26c C:/Users/paul.jiao/tools/\Bridgetek/FT9xxToolchain/Toolchain/hardware/lib\libft900.a(sdhost.o)
 .text.sdhost_get_response
                0x0000ba70       0x7c C:/Users/paul.jiao/tools/\Bridgetek/FT9xxToolchain/Toolchain/hardware/lib\libft900.a(sdhost.o)
 .text.sdhost_generate_cmd
                0x0000baec      0x12c C:/Users/paul.jiao/tools/\Bridgetek/FT9xxToolchain/Toolchain/hardware/lib\libft900.a(sdhost.o)
 .text.sdhost_error_recovery
                0x0000bc18      0x108 C:/Users/paul.jiao/tools/\Bridgetek/FT9xxToolchain/Toolchain/hardware/lib\libft900.a(sdhost.o)
 .text.sdhost_send_command
                0x0000bd20      0x250 C:/Users/paul.jiao/tools/\Bridgetek/FT9xxToolchain/Toolchain/hardware/lib\libft900.a(sdhost.o)
 .text.sdhost_init
                0x0000bf70      0x1d0 C:/Users/paul.jiao/tools/\Bridgetek/FT9xxToolchain/Toolchain/hardware/lib\libft900.a(sdhost.o)
                0x0000bf70                sdhost_init
 .text.sdhost_card_detect
                0x0000c140       0x64 C:/Users/paul.jiao/tools/\Bridgetek/FT9xxToolchain/Toolchain/hardware/lib\libft900.a(sdhost.o)
                0x0000c140                sdhost_card_detect
 .text.sdhost_transfer_data
                0x0000c1a4      0x6a4 C:/Users/paul.jiao/tools/\Bridgetek/FT9xxToolchain/Toolchain/hardware/lib\libft900.a(sdhost.o)
                0x0000c1a4                sdhost_transfer_data
 .text.sdhost_card_init
                0x0000c848      0x4f8 C:/Users/paul.jiao/tools/\Bridgetek/FT9xxToolchain/Toolchain/hardware/lib\libft900.a(sdhost.o)
                0x0000c848                sdhost_card_init
 .text.spi_init
                0x0000cd40      0x1c0 C:/Users/paul.jiao/tools/\Bridgetek/FT9xxToolchain/Toolchain/hardware/lib\libft900.a(spi.o)
                0x0000cd40                spi_init
 .text.spi_uninit
                0x0000cf00       0x1c C:/Users/paul.jiao/tools/\Bridgetek/FT9xxToolchain/Toolchain/hardware/lib\libft900.a(spi.o)
                0x0000cf00                spi_uninit
 .text.spi_open
                0x0000cf1c       0x94 C:/Users/paul.jiao/tools/\Bridgetek/FT9xxToolchain/Toolchain/hardware/lib\libft900.a(spi.o)
                0x0000cf1c                spi_open
 .text.spi_close
                0x0000cfb0       0x80 C:/Users/paul.jiao/tools/\Bridgetek/FT9xxToolchain/Toolchain/hardware/lib\libft900.a(spi.o)
                0x0000cfb0                spi_close
 .text.spi_writen
                0x0000d030      0x10c C:/Users/paul.jiao/tools/\Bridgetek/FT9xxToolchain/Toolchain/hardware/lib\libft900.a(spi.o)
                0x0000d030                spi_writen
 .text.spi_readn
                0x0000d13c      0x11c C:/Users/paul.jiao/tools/\Bridgetek/FT9xxToolchain/Toolchain/hardware/lib\libft900.a(spi.o)
                0x0000d13c                spi_readn
 .text.spi_option
                0x0000d258      0x360 C:/Users/paul.jiao/tools/\Bridgetek/FT9xxToolchain/Toolchain/hardware/lib\libft900.a(spi.o)
                0x0000d258                spi_option
 .text.sys_enable
                0x0000d5b8      0x158 C:/Users/paul.jiao/tools/\Bridgetek/FT9xxToolchain/Toolchain/hardware/lib\libft900.a(sys.o)
                0x0000d5b8                sys_enable
 .text.timer_init
                0x0000d710      0x114 C:/Users/paul.jiao/tools/\Bridgetek/FT9xxToolchain/Toolchain/hardware/lib\libft900.a(timers.o)
                0x0000d710                timer_init
 .text.timer_prescaler
                0x0000d824       0x30 C:/Users/paul.jiao/tools/\Bridgetek/FT9xxToolchain/Toolchain/hardware/lib\libft900.a(timers.o)
                0x0000d824                timer_prescaler
 .text.timer_start
                0x0000d854       0x38 C:/Users/paul.jiao/tools/\Bridgetek/FT9xxToolchain/Toolchain/hardware/lib\libft900.a(timers.o)
                0x0000d854                timer_start
 .text.timer_enable_interrupt
                0x0000d88c       0x4c C:/Users/paul.jiao/tools/\Bridgetek/FT9xxToolchain/Toolchain/hardware/lib\libft900.a(timers.o)
                0x0000d88c                timer_enable_interrupt
 .text.timer_disable_interrupt
                0x0000d8d8       0x40 C:/Users/paul.jiao/tools/\Bridgetek/FT9xxToolchain/Toolchain/hardware/lib\libft900.a(timers.o)
                0x0000d8d8                timer_disable_interrupt
 .text.timer_is_interrupted
                0x0000d918       0x5c C:/Users/paul.jiao/tools/\Bridgetek/FT9xxToolchain/Toolchain/hardware/lib\libft900.a(timers.o)
                0x0000d918                timer_is_interrupted
 .text.uart_open
                0x0000d974      0x168 C:/Users/paul.jiao/tools/\Bridgetek/FT9xxToolchain/Toolchain/hardware/lib\libft900.a(uart_simple.o)
                0x0000d974                uart_open
 .text.uart_writen
                0x0000dadc       0x54 C:/Users/paul.jiao/tools/\Bridgetek/FT9xxToolchain/Toolchain/hardware/lib\libft900.a(uart_simple.o)
                0x0000dadc                uart_writen
 .text.uart_puts
                0x0000db30       0x14 C:/Users/paul.jiao/tools/\Bridgetek/FT9xxToolchain/Toolchain/hardware/lib\libft900.a(uart_simple.o)
                0x0000db30                uart_puts
 .text          0x0000db44       0xcc c:/users/paul.jiao/tools/bridgetek/ft9xxtoolchain/toolchain/tools/bin/../lib/gcc/ft32-elf/7.0.0\libgcc.a(epilog.o)
                0x0000db44                __epilog_$r28
                0x0000db48                __epilog_$r27
                0x0000db4c                __epilog_$r26
                0x0000db50                __epilog_$r25
                0x0000db54                __epilog_$r24
                0x0000db58                __epilog_$r23
                0x0000db5c                __epilog_$r22
                0x0000db60                __epilog_$r21
                0x0000db64                __epilog_$r20
                0x0000db68                __epilog_$r19
                0x0000db6c                __epilog_$r18
                0x0000db70                __epilog_$r17
                0x0000db74                __epilog_$r16
                0x0000db78                __epilog_$r15
                0x0000db7c                __epilog_$r14
                0x0000db80                __epilog_$r13
                0x0000db88                __epilog24
                0x0000db90                __epilog24_$r13
                0x0000db98                __epilog24_$r14
                0x0000dba0                __epilog24_$r15
                0x0000dba8                __epilog24_$r16
                0x0000dbb0                __epilog24_$r17
                0x0000dbb8                __epilog24_$r18
                0x0000dbc0                __epilog24_$r19
                0x0000dbc8                __epilog24_$r20
                0x0000dbd0                __epilog24_$r21
                0x0000dbd8                __epilog24_$r22
                0x0000dbe0                __epilog24_$r23
                0x0000dbe8                __epilog24_$r24
                0x0000dbf0                __epilog24_$r25
                0x0000dbf8                __epilog24_$r26
                0x0000dc00                __epilog24_$r27
                0x0000dc08                __epilog24_$r28
 .text          0x0000dc10      0x260 c:/users/paul.jiao/tools/bridgetek/ft9xxtoolchain/toolchain/tools/bin/../lib/gcc/ft32-elf/7.0.0\libgcc.a(prolog.o)
                0x0000dc10                __prolog_$r13
                0x0000dc18                __prolog_$r14
                0x0000dc24                __prolog_$r15
                0x0000dc34                __prolog_$r16
                0x0000dc48                __prolog_$r17
                0x0000dc60                __prolog_$r18
                0x0000dc7c                __prolog_$r19
                0x0000dc9c                __prolog_$r20
                0x0000dcc0                __prolog_$r21
                0x0000dce8                __prolog_$r22
                0x0000dd14                __prolog_$r23
                0x0000dd44                __prolog_$r24
                0x0000dd78                __prolog_$r25
                0x0000ddb0                __prolog_$r26
                0x0000ddec                __prolog_$r27
                0x0000de2c                __prolog_$r28
 .text          0x0000de70      0xbfc c:/users/paul.jiao/tools/bridgetek/ft9xxtoolchain/toolchain/tools/bin/../lib/gcc/ft32-elf/7.0.0\libgcc.a(adddf3.o)
                0x0000de70                __adddf3
 .text          0x0000ea6c      0xb48 c:/users/paul.jiao/tools/bridgetek/ft9xxtoolchain/toolchain/tools/bin/../lib/gcc/ft32-elf/7.0.0\libgcc.a(divdf3.o)
                0x0000ea6c                __divdf3
 .text          0x0000f5b4       0xc0 c:/users/paul.jiao/tools/bridgetek/ft9xxtoolchain/toolchain/tools/bin/../lib/gcc/ft32-elf/7.0.0\libgcc.a(eqdf2.o)
                0x0000f5b4                __nedf2
                0x0000f5b4                __eqdf2
 .text          0x0000f674      0x164 c:/users/paul.jiao/tools/bridgetek/ft9xxtoolchain/toolchain/tools/bin/../lib/gcc/ft32-elf/7.0.0\libgcc.a(gedf2.o)
                0x0000f674                __gedf2
                0x0000f674                __gtdf2
 .text          0x0000f7d8      0x164 c:/users/paul.jiao/tools/bridgetek/ft9xxtoolchain/toolchain/tools/bin/../lib/gcc/ft32-elf/7.0.0\libgcc.a(ledf2.o)
                0x0000f7d8                __ledf2
                0x0000f7d8                __ltdf2
 .text          0x0000f93c      0x908 c:/users/paul.jiao/tools/bridgetek/ft9xxtoolchain/toolchain/tools/bin/../lib/gcc/ft32-elf/7.0.0\libgcc.a(muldf3.o)
                0x0000f93c                __muldf3
 .text          0x00010244      0xc0c c:/users/paul.jiao/tools/bridgetek/ft9xxtoolchain/toolchain/tools/bin/../lib/gcc/ft32-elf/7.0.0\libgcc.a(subdf3.o)
                0x00010244                __subdf3
 .text          0x00010e50       0x68 c:/users/paul.jiao/tools/bridgetek/ft9xxtoolchain/toolchain/tools/bin/../lib/gcc/ft32-elf/7.0.0\libgcc.a(unorddf2.o)
                0x00010e50                __unorddf2
 .text          0x00010eb8       0x90 c:/users/paul.jiao/tools/bridgetek/ft9xxtoolchain/toolchain/tools/bin/../lib/gcc/ft32-elf/7.0.0\libgcc.a(fixdfsi.o)
                0x00010eb8                __fixdfsi
 .text          0x00010f48      0x154 c:/users/paul.jiao/tools/bridgetek/ft9xxtoolchain/toolchain/tools/bin/../lib/gcc/ft32-elf/7.0.0\libgcc.a(floatsidf.o)
                0x00010f48                __floatsidf
 .text          0x0001109c       0xa8 c:/users/paul.jiao/tools/bridgetek/ft9xxtoolchain/toolchain/tools/bin/../lib/gcc/ft32-elf/7.0.0\libgcc.a(floatunsidf.o)
                0x0001109c                __floatunsidf
 .text          0x00011144       0xa4 c:/users/paul.jiao/tools/bridgetek/ft9xxtoolchain/toolchain/tools/bin/../lib/gcc/ft32-elf/7.0.0\libgcc.a(_clzsi2.o)
                0x00011144                __clzsi2
 *(.strings)
 *(._pm*)
 *(.init)
 *(.fini)
                0x000111e8                _etext = .
                0x000111e8                . = ALIGN (0x4)

.tors           0x00800000        0x0
                0x00800000                ___ctors = .
 *(.ctors)
                0x00800000                ___ctors_end = .
                0x00800000                ___dtors = .
 *(.dtors)
                0x00800000                ___dtors_end = .
                0x00800000                . = ALIGN (0x4)

.data           0x00800000     0x15dc load address 0x000111e8
                0x00800000                _sdata = .
 *(.data)
 .data          0x00800000       0x84 c:/users/paul.jiao/tools/bridgetek/ft9xxtoolchain/toolchain/tools/bin/../lib/gcc/ft32-elf/7.0.0/crti-hw.o
                0x00800000                vector_table
 .data          0x00800084      0x428 C:/Users/paul.jiao/tools/\Bridgetek/FT9xxToolchain/Toolchain/tools/ft32-elf/lib\libc.a(lib_a-impure.o)
                0x00800084                _impure_ptr
 .data          0x008004ac      0x410 C:/Users/paul.jiao/tools/\Bridgetek/FT9xxToolchain/Toolchain/tools/ft32-elf/lib\libc.a(lib_a-mallocr.o)
                0x008004ac                __malloc_sbrk_base
                0x008004b0                __malloc_trim_threshold
                0x008004b4                __malloc_av_
 .data          0x008008bc      0x16c C:/Users/paul.jiao/tools/\Bridgetek/FT9xxToolchain/Toolchain/tools/ft32-elf/lib\libc.a(lib_a-locale.o)
                0x008008bc                __global_locale
 .data          0x00800a28        0x4 C:/Users/paul.jiao/tools/\Bridgetek/FT9xxToolchain/Toolchain/tools/ft32-elf/lib\libstub.a(sbrk.o)
 .data          0x00800a2c       0x3c C:/Users/paul.jiao/tools/\Bridgetek/FT9xxToolchain/Toolchain/hardware/lib\libft900.a(sdhost.o)
 *(.data*)
 .data.s_TagHandlers
                0x00800a68      0x400 C:/Users/Public/Documents/EVE Screen Designer 3.0 Web Release/esd30_newproject/Build/Default/FT90x Release/Obj/Ft_Esd_TouchTag.o
 .data.s_NullTag
                0x00800e68       0x18 C:/Users/Public/Documents/EVE Screen Designer 3.0 Web Release/esd30_newproject/Build/Default/FT90x Release/Obj/Ft_Esd_TouchTag.o
 .data.s_LastTagFrame
                0x00800e80        0x4 C:/Users/Public/Documents/EVE Screen Designer 3.0 Web Release/esd30_newproject/Build/Default/FT90x Release/Obj/Ft_Esd_TouchTag.o
 .data.FT_DispDither
                0x00800e84        0x1 C:/Users/Public/Documents/EVE Screen Designer 3.0 Web Release/esd30_newproject/Build/Default/FT90x Release/Obj/Ft_Esd_App.o
                0x00800e84                FT_DispDither
 .data.FT_DispCSpread
                0x00800e85        0x1 C:/Users/Public/Documents/EVE Screen Designer 3.0 Web Release/esd30_newproject/Build/Default/FT90x Release/Obj/Ft_Esd_App.o
                0x00800e85                FT_DispCSpread
 .data.FT_DispPCLKPol
                0x00800e86        0x1 C:/Users/Public/Documents/EVE Screen Designer 3.0 Web Release/esd30_newproject/Build/Default/FT90x Release/Obj/Ft_Esd_App.o
                0x00800e86                FT_DispPCLKPol
 .data.FT_DispPCLK
                0x00800e87        0x1 C:/Users/Public/Documents/EVE Screen Designer 3.0 Web Release/esd30_newproject/Build/Default/FT90x Release/Obj/Ft_Esd_App.o
                0x00800e87                FT_DispPCLK
 .data.FT_DispVSync1
                0x00800e88        0x2 C:/Users/Public/Documents/EVE Screen Designer 3.0 Web Release/esd30_newproject/Build/Default/FT90x Release/Obj/Ft_Esd_App.o
                0x00800e88                FT_DispVSync1
 .data.FT_DispVOffset
                0x00800e8a        0x2 C:/Users/Public/Documents/EVE Screen Designer 3.0 Web Release/esd30_newproject/Build/Default/FT90x Release/Obj/Ft_Esd_App.o
                0x00800e8a                FT_DispVOffset
 .data.FT_DispVCycle
                0x00800e8c        0x2 C:/Users/Public/Documents/EVE Screen Designer 3.0 Web Release/esd30_newproject/Build/Default/FT90x Release/Obj/Ft_Esd_App.o
                0x00800e8c                FT_DispVCycle
 .data.FT_DispHSync1
                0x00800e8e        0x2 C:/Users/Public/Documents/EVE Screen Designer 3.0 Web Release/esd30_newproject/Build/Default/FT90x Release/Obj/Ft_Esd_App.o
                0x00800e8e                FT_DispHSync1
 .data.FT_DispHOffset
                0x00800e90        0x2 C:/Users/Public/Documents/EVE Screen Designer 3.0 Web Release/esd30_newproject/Build/Default/FT90x Release/Obj/Ft_Esd_App.o
                0x00800e90                FT_DispHOffset
 .data.FT_DispHCycle
                0x00800e92        0x2 C:/Users/Public/Documents/EVE Screen Designer 3.0 Web Release/esd30_newproject/Build/Default/FT90x Release/Obj/Ft_Esd_App.o
                0x00800e92                FT_DispHCycle
 .data.FT_DispHeight
                0x00800e94        0x2 C:/Users/Public/Documents/EVE Screen Designer 3.0 Web Release/esd30_newproject/Build/Default/FT90x Release/Obj/Ft_Esd_App.o
                0x00800e94                FT_DispHeight
 .data.FT_DispWidth
                0x00800e96        0x2 C:/Users/Public/Documents/EVE Screen Designer 3.0 Web Release/esd30_newproject/Build/Default/FT90x Release/Obj/Ft_Esd_App.o
                0x00800e96                FT_DispWidth
 .data.Ft_Esd_ClearColor
                0x00800e98        0x4 C:/Users/Public/Documents/EVE Screen Designer 3.0 Web Release/esd30_newproject/Build/Default/FT90x Release/Obj/Ft_Esd_App.o
                0x00800e98                Ft_Esd_ClearColor
 .data.s_DefaultTheme
                0x00800e9c        0x4 C:/Users/Public/Documents/EVE Screen Designer 3.0 Web Release/esd30_newproject/Build/Default/FT90x Release/Obj/Ft_Esd_Theme.o
 .data.Ft_Esd_DefaultTheme
                0x00800ea0       0x18 C:/Users/Public/Documents/EVE Screen Designer 3.0 Web Release/esd30_newproject/Build/Default/FT90x Release/Obj/Ft_Esd_Theme.o
                0x00800ea0                Ft_Esd_DefaultTheme
 *(.rodata)
 .rodata        0x00800eb8        0x4 C:/Users/paul.jiao/tools/\Bridgetek/FT9xxToolchain/Toolchain/tools/ft32-elf/lib\libc.a(lib_a-impure.o)
                0x00800eb8                _global_impure_ptr
 .rodata        0x00800ebc       0x20 C:/Users/paul.jiao/tools/\Bridgetek/FT9xxToolchain/Toolchain/tools/ft32-elf/lib\libc.a(lib_a-vfprintf.o)
 .rodata        0x00800edc      0x124 C:/Users/paul.jiao/tools/\Bridgetek/FT9xxToolchain/Toolchain/tools/ft32-elf/lib\libc.a(lib_a-mprec.o)
                0x00800ee8                __mprec_tinytens
                0x00800f10                __mprec_bigtens
                0x00800f38                __mprec_tens
 .rodata        0x00801000       0x20 C:/Users/paul.jiao/tools/\Bridgetek/FT9xxToolchain/Toolchain/tools/ft32-elf/lib\libc.a(lib_a-vfiprintf.o)
 .rodata        0x00801020      0x284 C:/Users/paul.jiao/tools/\Bridgetek/FT9xxToolchain/Toolchain/tools/ft32-elf/lib\libc.a(lib_a-ctype_.o)
                0x00801020                _ctype_
                0x00801124                _ctype_b
 .rodata        0x008012a4        0x8 C:/Users/paul.jiao/tools/\Bridgetek/FT9xxToolchain/Toolchain/hardware/lib\libft900.a(delay.o)
 .rodata        0x008012ac       0x54 C:/Users/paul.jiao/tools/\Bridgetek/FT9xxToolchain/Toolchain/hardware/lib\libft900.a(gpio.o)
 .rodata        0x00801300      0x100 c:/users/paul.jiao/tools/bridgetek/ft9xxtoolchain/toolchain/tools/bin/../lib/gcc/ft32-elf/7.0.0\libgcc.a(_clz.o)
                0x00801300                __clz_tab
 *(.rodata*)
 .rodata.Ft_Esd_Label_Text__Default.str1.4
                0x00801400        0x6 C:/Users/Public/Documents/EVE Screen Designer 3.0 Web Release/esd30_newproject/Build/Default/FT90x Release/Obj/Ft_Esd_Label__Generated.o
 *fill*         0x00801406        0x2 
 .rodata.FT900_Config.str1.4
                0x00801408       0x22 C:/Users/Public/Documents/EVE Screen Designer 3.0 Web Release/esd30_newproject/Build/Default/FT90x Release/Obj/Ft_Esd_App.o
 *fill*         0x0080142a        0x2 
 .rodata.FT800_BootupConfig.str1.4
                0x0080142c       0x22 C:/Users/Public/Documents/EVE Screen Designer 3.0 Web Release/esd30_newproject/Build/Default/FT90x Release/Obj/Ft_Esd_App.o
 *fill*         0x0080144e        0x2 
 .rodata.FT900_InitSDCard.str1.4
                0x00801450       0x66 C:/Users/Public/Documents/EVE Screen Designer 3.0 Web Release/esd30_newproject/Build/Default/FT90x Release/Obj/Ft_Esd_App.o
                                 0x6a (size before relaxing)
 *fill*         0x008014b6        0x2 
 .rodata.App_CoPro_Widget_Calibrate.str1.4
                0x008014b8       0x16 C:/Users/Public/Documents/EVE Screen Designer 3.0 Web Release/esd30_newproject/Build/Default/FT90x Release/Obj/Ft_Esd_App.o
 *fill*         0x008014ce        0x2 
 .rodata.main.str1.4
                0x008014d0       0x66 C:/Users/Public/Documents/EVE Screen Designer 3.0 Web Release/esd30_newproject/Build/Default/FT90x Release/Obj/Ft_Esd_App.o
 *fill*         0x00801536        0x2 
 .rodata.FT_DLCODE_BOOTUP
                0x00801538       0x40 C:/Users/Public/Documents/EVE Screen Designer 3.0 Web Release/esd30_newproject/Build/Default/FT90x Release/Obj/Ft_Esd_App.o
                0x00801538                FT_DLCODE_BOOTUP
 .rodata.MainPage_ESD3_Label_Text__Property.str1.4
                0x00801578        0x7 C:/Users/Public/Documents/EVE Screen Designer 3.0 Web Release/esd30_newproject/Build/Default/FT90x Release/Obj/MainPage__Generated.o
 .rodata.str1.4
                0x0080157f        0x7 C:/Users/paul.jiao/tools/\Bridgetek/FT9xxToolchain/Toolchain/tools/ft32-elf/lib\libc.a(lib_a-puts.o)
                                  0x2 (size before relaxing)
 *fill*         0x0080157f        0x1 
 .rodata.str1.4
                0x00801580       0x3a C:/Users/paul.jiao/tools/\Bridgetek/FT9xxToolchain/Toolchain/tools/ft32-elf/lib\libc.a(lib_a-vfprintf.o)
 *fill*         0x008015ba        0x2 
 .rodata.str1.4
                0x008015bc       0x10 C:/Users/paul.jiao/tools/\Bridgetek/FT9xxToolchain/Toolchain/tools/ft32-elf/lib\libc.a(lib_a-dtoa.o)
                                 0x12 (size before relaxing)
 .rodata.str1.4
                0x008015cc       0x10 C:/Users/paul.jiao/tools/\Bridgetek/FT9xxToolchain/Toolchain/tools/ft32-elf/lib\libc.a(lib_a-locale.o)
                                 0x12 (size before relaxing)
 .rodata.str1.4
                0x008015dc       0x25 C:/Users/paul.jiao/tools/\Bridgetek/FT9xxToolchain/Toolchain/tools/ft32-elf/lib\libc.a(lib_a-vfiprintf.o)
                0x00801601                _edata = .

.bss            0x008015dc      0xb98 load address 0x000127c4
                0x008015dc                _bss_start = .
 *(.bss)
 .bss           0x008015dc       0x34 C:/Users/paul.jiao/tools/\Bridgetek/FT9xxToolchain/Toolchain/tools/ft32-elf/lib\libc.a(lib_a-mallocr.o)
                0x008015dc                __malloc_current_mallinfo
                0x00801604                __malloc_max_total_mem
                0x00801608                __malloc_max_sbrked_mem
                0x0080160c                __malloc_top_pad
 *(.bss*)
 .bss.ft_TotalMilliseconds
                0x00801610        0x4 C:/Users/Public/Documents/EVE Screen Designer 3.0 Web Release/esd30_newproject/Build/Default/FT90x Release/Obj/FT_Gpu_Hal.o
                0x00801610                ft_TotalMilliseconds
 .bss.ft_millis_prev
                0x00801614        0x4 C:/Users/Public/Documents/EVE Screen Designer 3.0 Web Release/esd30_newproject/Build/Default/FT90x Release/Obj/FT_Gpu_Hal.o
                0x00801614                ft_millis_prev
 .bss.ft_millis_curr
                0x00801618        0x4 C:/Users/Public/Documents/EVE Screen Designer 3.0 Web Release/esd30_newproject/Build/Default/FT90x Release/Obj/FT_Gpu_Hal.o
                0x00801618                ft_millis_curr
 .bss.Ft_Esd_TimerEntryNb
                0x0080161c        0x4 C:/Users/Public/Documents/EVE Screen Designer 3.0 Web Release/esd30_newproject/Build/Default/FT90x Release/Obj/Ft_Esd_Timer.o
                0x0080161c                Ft_Esd_TimerEntryNb
 .bss.s_TouchPos
                0x00801620        0x4 C:/Users/Public/Documents/EVE Screen Designer 3.0 Web Release/esd30_newproject/Build/Default/FT90x Release/Obj/Ft_Esd_TouchTag.o
 .bss.s_TagUp   0x00801624        0x1 C:/Users/Public/Documents/EVE Screen Designer 3.0 Web Release/esd30_newproject/Build/Default/FT90x Release/Obj/Ft_Esd_TouchTag.o
 .bss.s_TagDown
                0x00801625        0x1 C:/Users/Public/Documents/EVE Screen Designer 3.0 Web Release/esd30_newproject/Build/Default/FT90x Release/Obj/Ft_Esd_TouchTag.o
 .bss.s_GpuRegTouchTag
                0x00801626        0x1 C:/Users/Public/Documents/EVE Screen Designer 3.0 Web Release/esd30_newproject/Build/Default/FT90x Release/Obj/Ft_Esd_TouchTag.o
 .bss.s_SuppressCurrentTags
                0x00801627        0x1 C:/Users/Public/Documents/EVE Screen Designer 3.0 Web Release/esd30_newproject/Build/Default/FT90x Release/Obj/Ft_Esd_TouchTag.o
 .bss.FT_DispSwizzle
                0x00801628        0x1 C:/Users/Public/Documents/EVE Screen Designer 3.0 Web Release/esd30_newproject/Build/Default/FT90x Release/Obj/Ft_Esd_App.o
                0x00801628                FT_DispSwizzle
 *fill*         0x00801629        0x1 
 .bss.FT_DispVSync0
                0x0080162a        0x2 C:/Users/Public/Documents/EVE Screen Designer 3.0 Web Release/esd30_newproject/Build/Default/FT90x Release/Obj/Ft_Esd_App.o
                0x0080162a                FT_DispVSync0
 .bss.FT_DispHSync0
                0x0080162c        0x2 C:/Users/Public/Documents/EVE Screen Designer 3.0 Web Release/esd30_newproject/Build/Default/FT90x Release/Obj/Ft_Esd_App.o
                0x0080162c                FT_DispHSync0
 .bss.Ft_Esd_FontHeight
                0x0080162e       0x40 C:/Users/Public/Documents/EVE Screen Designer 3.0 Web Release/esd30_newproject/Build/Default/FT90x Release/Obj/Ft_Esd_App.o
                0x0080162e                Ft_Esd_FontHeight
 *fill*         0x0080166e        0x2 
 .bss.Ft_Esd_Frame
                0x00801670        0x4 C:/Users/Public/Documents/EVE Screen Designer 3.0 Web Release/esd30_newproject/Build/Default/FT90x Release/Obj/Ft_Esd_App.o
                0x00801670                Ft_Esd_Frame
 .bss.Ft_Esd_DeltaMs
                0x00801674        0x4 C:/Users/Public/Documents/EVE Screen Designer 3.0 Web Release/esd30_newproject/Build/Default/FT90x Release/Obj/Ft_Esd_App.o
                0x00801674                Ft_Esd_DeltaMs
 .bss.Ft_Esd_Millis
                0x00801678        0x4 C:/Users/Public/Documents/EVE Screen Designer 3.0 Web Release/esd30_newproject/Build/Default/FT90x Release/Obj/Ft_Esd_App.o
                0x00801678                Ft_Esd_Millis
 .bss.Ft_Esd_GAlloc
                0x0080167c        0x4 C:/Users/Public/Documents/EVE Screen Designer 3.0 Web Release/esd30_newproject/Build/Default/FT90x Release/Obj/Ft_Esd_App.o
                0x0080167c                Ft_Esd_GAlloc
 .bss.Ft_Esd_Host
                0x00801680        0x4 C:/Users/Public/Documents/EVE Screen Designer 3.0 Web Release/esd30_newproject/Build/Default/FT90x Release/Obj/Ft_Esd_App.o
                0x00801680                Ft_Esd_Host
 .bss.s_FatFS   0x00801684      0x230 C:/Users/Public/Documents/EVE Screen Designer 3.0 Web Release/esd30_newproject/Build/Default/FT90x Release/Obj/Ft_Esd_App.o
 .bss.s_GAlloc  0x008018b4      0x404 C:/Users/Public/Documents/EVE Screen Designer 3.0 Web Release/esd30_newproject/Build/Default/FT90x Release/Obj/Ft_Esd_App.o
 .bss.s_Host    0x00801cb8       0x18 C:/Users/Public/Documents/EVE Screen Designer 3.0 Web Release/esd30_newproject/Build/Default/FT90x Release/Obj/Ft_Esd_App.o
 .bss.s_SpinnerPopped
                0x00801cd0        0x4 C:/Users/Public/Documents/EVE Screen Designer 3.0 Web Release/esd30_newproject/Build/Default/FT90x Release/Obj/FT_Esd_MainLoop.o
 .bss.s_SpinnerPopup
                0x00801cd4        0x4 C:/Users/Public/Documents/EVE Screen Designer 3.0 Web Release/esd30_newproject/Build/Default/FT90x Release/Obj/FT_Esd_MainLoop.o
 .bss.Ft_Esd_BitmapHandleUse
                0x00801cd8        0xf C:/Users/Public/Documents/EVE Screen Designer 3.0 Web Release/esd30_newproject/Build/Default/FT90x Release/Obj/FT_Esd_Dl.o
                0x00801cd8                Ft_Esd_BitmapHandleUse
 *fill*         0x00801ce7        0x1 
 .bss.Fsid      0x00801ce8        0x2 C:/Users/Public/Documents/EVE Screen Designer 3.0 Web Release/esd30_newproject/Build/Default/FT90x Release/Obj/ff.o
 *fill*         0x00801cea        0x2 
 .bss.FatFs     0x00801cec        0x4 C:/Users/Public/Documents/EVE Screen Designer 3.0 Web Release/esd30_newproject/Build/Default/FT90x Release/Obj/ff.o
 *fill*         0x00801cf0       0x10 
 .bss.temp      0x00801d00      0x200 C:/Users/Public/Documents/EVE Screen Designer 3.0 Web Release/esd30_newproject/Build/Default/FT90x Release/Obj/diskio.o
 .bss.sd_ready  0x00801f00        0x4 C:/Users/Public/Documents/EVE Screen Designer 3.0 Web Release/esd30_newproject/Build/Default/FT90x Release/Obj/diskio.o
 .bss.application
                0x00801f04       0x10 C:/Users/Public/Documents/EVE Screen Designer 3.0 Web Release/esd30_newproject/Build/Default/FT90x Release/Obj/App__Generated.o
 *(COMMON)
 COMMON         0x00801f14      0x200 C:/Users/Public/Documents/EVE Screen Designer 3.0 Web Release/esd30_newproject/Build/Default/FT90x Release/Obj/Ft_Esd_Timer.o
                0x00801f14                Ft_Esd_TimerEntries
 COMMON         0x00802114       0x5c C:/Users/Public/Documents/EVE Screen Designer 3.0 Web Release/esd30_newproject/Build/Default/FT90x Release/Obj/FT_Esd_Dl.o
                0x00802114                Ft_Esd_GpuState_I
                0x00802118                Ft_Esd_CoFgColor
                0x0080211c                Ft_Esd_GpuState
                0x0080216c                Ft_Esd_CoBgColor
 COMMON         0x00802170        0x4 C:/Users/paul.jiao/tools/\Bridgetek/FT9xxToolchain/Toolchain/tools/ft32-elf/lib\libc.a(lib_a-reent.o)
                0x00802170                errno
                0x00802174                _end = .
                0x000111e8                __data_load_start = LOADADDR (.data)
                0x000127c4                __data_load_end = (__data_load_start + SIZEOF (.data))

.stab
 *(.stab)

.stabstr
 *(.stabstr)
LOAD c:/users/paul.jiao/tools/bridgetek/ft9xxtoolchain/toolchain/tools/bin/../lib/gcc/ft32-elf/7.0.0\libgcc.a
LOAD C:/Users/paul.jiao/tools/\Bridgetek/FT9xxToolchain/Toolchain/tools/ft32-elf/lib\libc.a
LOAD c:/users/paul.jiao/tools/bridgetek/ft9xxtoolchain/toolchain/tools/bin/../lib/gcc/ft32-elf/7.0.0\libgcc.a
LOAD c:/users/paul.jiao/tools/bridgetek/ft9xxtoolchain/toolchain/tools/bin/../lib/gcc/ft32-elf/7.0.0/crtend.o
LOAD c:/users/paul.jiao/tools/bridgetek/ft9xxtoolchain/toolchain/tools/bin/../lib/gcc/ft32-elf/7.0.0/crtn.o
OUTPUT(C:/Users/Public/Documents/EVE Screen Designer 3.0 Web Release/esd30_newproject/Build/Default/FT90x Release/Bin/esd30_newproject.elf elf32-ft32)

.comment        0x00000000       0x29
 .comment       0x00000000       0x29 C:/Users/Public/Documents/EVE Screen Designer 3.0 Web Release/esd30_newproject/Build/Default/FT90x Release/Obj/Ft_Esd_Clock__Generated.o
                                 0x2a (size before relaxing)
 .comment       0x00000029       0x2a C:/Users/Public/Documents/EVE Screen Designer 3.0 Web Release/esd30_newproject/Build/Default/FT90x Release/Obj/Ft_Esd_PosSizeToRadius__Generated.o
 .comment       0x00000029       0x2a C:/Users/Public/Documents/EVE Screen Designer 3.0 Web Release/esd30_newproject/Build/Default/FT90x Release/Obj/FT_Gpu_Hal.o
 .comment       0x00000029       0x2a C:/Users/Public/Documents/EVE Screen Designer 3.0 Web Release/esd30_newproject/Build/Default/FT90x Release/Obj/Ft_Esd_GpuAlloc.o
 .comment       0x00000029       0x2a C:/Users/Public/Documents/EVE Screen Designer 3.0 Web Release/esd30_newproject/Build/Default/FT90x Release/Obj/Ft_Esd.o
 .comment       0x00000029       0x2a C:/Users/Public/Documents/EVE Screen Designer 3.0 Web Release/esd30_newproject/Build/Default/FT90x Release/Obj/FT_CoPro_Cmds.o
 .comment       0x00000029       0x2a C:/Users/Public/Documents/EVE Screen Designer 3.0 Web Release/esd30_newproject/Build/Default/FT90x Release/Obj/Ft_Esd_Timer.o
 .comment       0x00000029       0x2a C:/Users/Public/Documents/EVE Screen Designer 3.0 Web Release/esd30_newproject/Build/Default/FT90x Release/Obj/Ft_Esd_Label__Generated.o
 .comment       0x00000029       0x2a C:/Users/Public/Documents/EVE Screen Designer 3.0 Web Release/esd30_newproject/Build/Default/FT90x Release/Obj/Ft_Esd_TouchTag.o
 .comment       0x00000029       0x2a C:/Users/Public/Documents/EVE Screen Designer 3.0 Web Release/esd30_newproject/Build/Default/FT90x Release/Obj/Ft_Esd_App.o
 .comment       0x00000029       0x2a C:/Users/Public/Documents/EVE Screen Designer 3.0 Web Release/esd30_newproject/Build/Default/FT90x Release/Obj/FT_Esd_MainLoop.o
 .comment       0x00000029       0x2a C:/Users/Public/Documents/EVE Screen Designer 3.0 Web Release/esd30_newproject/Build/Default/FT90x Release/Obj/Ft_Esd_Theme.o
 .comment       0x00000029       0x2a C:/Users/Public/Documents/EVE Screen Designer 3.0 Web Release/esd30_newproject/Build/Default/FT90x Release/Obj/MainPage__Generated.o
 .comment       0x00000029       0x2a C:/Users/Public/Documents/EVE Screen Designer 3.0 Web Release/esd30_newproject/Build/Default/FT90x Release/Obj/FT_Esd_Dl.o
 .comment       0x00000029       0x2a C:/Users/Public/Documents/EVE Screen Designer 3.0 Web Release/esd30_newproject/Build/Default/FT90x Release/Obj/ff.o
 .comment       0x00000029       0x2a C:/Users/Public/Documents/EVE Screen Designer 3.0 Web Release/esd30_newproject/Build/Default/FT90x Release/Obj/diskio.o
 .comment       0x00000029       0x2a C:/Users/Public/Documents/EVE Screen Designer 3.0 Web Release/esd30_newproject/Build/Default/FT90x Release/Obj/App__Generated.o
 .comment       0x00000029       0x2a C:/Users/paul.jiao/tools/\Bridgetek/FT9xxToolchain/Toolchain/tools/ft32-elf/lib\libc.a(lib_a-impure.o)
 .comment       0x00000029       0x2a C:/Users/paul.jiao/tools/\Bridgetek/FT9xxToolchain/Toolchain/tools/ft32-elf/lib\libc.a(lib_a-malloc.o)
 .comment       0x00000029       0x2a C:/Users/paul.jiao/tools/\Bridgetek/FT9xxToolchain/Toolchain/tools/ft32-elf/lib\libc.a(lib_a-mallocr.o)
 .comment       0x00000029       0x2a C:/Users/paul.jiao/tools/\Bridgetek/FT9xxToolchain/Toolchain/tools/ft32-elf/lib\libc.a(lib_a-memmove.o)
 .comment       0x00000029       0x2a C:/Users/paul.jiao/tools/\Bridgetek/FT9xxToolchain/Toolchain/tools/ft32-elf/lib\libc.a(lib_a-mlock.o)
 .comment       0x00000029       0x2a C:/Users/paul.jiao/tools/\Bridgetek/FT9xxToolchain/Toolchain/tools/ft32-elf/lib\libc.a(lib_a-printf.o)
 .comment       0x00000029       0x2a C:/Users/paul.jiao/tools/\Bridgetek/FT9xxToolchain/Toolchain/tools/ft32-elf/lib\libc.a(lib_a-puts.o)
 .comment       0x00000029       0x2a C:/Users/paul.jiao/tools/\Bridgetek/FT9xxToolchain/Toolchain/tools/ft32-elf/lib\libc.a(lib_a-sbrkr.o)
 .comment       0x00000029       0x2a C:/Users/paul.jiao/tools/\Bridgetek/FT9xxToolchain/Toolchain/tools/ft32-elf/lib\libc.a(lib_a-vfprintf.o)
 .comment       0x00000029       0x2a C:/Users/paul.jiao/tools/\Bridgetek/FT9xxToolchain/Toolchain/tools/ft32-elf/lib\libc.a(lib_a-wsetup.o)
 .comment       0x00000029       0x2a C:/Users/paul.jiao/tools/\Bridgetek/FT9xxToolchain/Toolchain/tools/ft32-elf/lib\libc.a(lib_a-dtoa.o)
 .comment       0x00000029       0x2a C:/Users/paul.jiao/tools/\Bridgetek/FT9xxToolchain/Toolchain/tools/ft32-elf/lib\libc.a(lib_a-fflush.o)
 .comment       0x00000029       0x2a C:/Users/paul.jiao/tools/\Bridgetek/FT9xxToolchain/Toolchain/tools/ft32-elf/lib\libc.a(lib_a-findfp.o)
 .comment       0x00000029       0x2a C:/Users/paul.jiao/tools/\Bridgetek/FT9xxToolchain/Toolchain/tools/ft32-elf/lib\libc.a(lib_a-freer.o)
 .comment       0x00000029       0x2a C:/Users/paul.jiao/tools/\Bridgetek/FT9xxToolchain/Toolchain/tools/ft32-elf/lib\libc.a(lib_a-fvwrite.o)
 .comment       0x00000029       0x2a C:/Users/paul.jiao/tools/\Bridgetek/FT9xxToolchain/Toolchain/tools/ft32-elf/lib\libc.a(lib_a-fwalk.o)
 .comment       0x00000029       0x2a C:/Users/paul.jiao/tools/\Bridgetek/FT9xxToolchain/Toolchain/tools/ft32-elf/lib\libc.a(lib_a-localeconv.o)
 .comment       0x00000029       0x2a C:/Users/paul.jiao/tools/\Bridgetek/FT9xxToolchain/Toolchain/tools/ft32-elf/lib\libc.a(lib_a-locale.o)
 .comment       0x00000029       0x2a C:/Users/paul.jiao/tools/\Bridgetek/FT9xxToolchain/Toolchain/tools/ft32-elf/lib\libc.a(lib_a-makebuf.o)
 .comment       0x00000029       0x2a C:/Users/paul.jiao/tools/\Bridgetek/FT9xxToolchain/Toolchain/tools/ft32-elf/lib\libc.a(lib_a-mbtowc_r.o)
 .comment       0x00000029       0x2a C:/Users/paul.jiao/tools/\Bridgetek/FT9xxToolchain/Toolchain/tools/ft32-elf/lib\libc.a(lib_a-memchr.o)
 .comment       0x00000029       0x2a C:/Users/paul.jiao/tools/\Bridgetek/FT9xxToolchain/Toolchain/tools/ft32-elf/lib\libc.a(lib_a-mprec.o)
 .comment       0x00000029       0x2a C:/Users/paul.jiao/tools/\Bridgetek/FT9xxToolchain/Toolchain/tools/ft32-elf/lib\libc.a(lib_a-reallocr.o)
 .comment       0x00000029       0x2a C:/Users/paul.jiao/tools/\Bridgetek/FT9xxToolchain/Toolchain/tools/ft32-elf/lib\libc.a(lib_a-reent.o)
 .comment       0x00000029       0x2a C:/Users/paul.jiao/tools/\Bridgetek/FT9xxToolchain/Toolchain/tools/ft32-elf/lib\libc.a(lib_a-stdio.o)
 .comment       0x00000029       0x2a C:/Users/paul.jiao/tools/\Bridgetek/FT9xxToolchain/Toolchain/tools/ft32-elf/lib\libc.a(lib_a-vfiprintf.o)
 .comment       0x00000029       0x2a C:/Users/paul.jiao/tools/\Bridgetek/FT9xxToolchain/Toolchain/tools/ft32-elf/lib\libc.a(lib_a-wctomb_r.o)
 .comment       0x00000029       0x2a C:/Users/paul.jiao/tools/\Bridgetek/FT9xxToolchain/Toolchain/tools/ft32-elf/lib\libc.a(lib_a-writer.o)
 .comment       0x00000029       0x2a C:/Users/paul.jiao/tools/\Bridgetek/FT9xxToolchain/Toolchain/tools/ft32-elf/lib\libc.a(lib_a-callocr.o)
 .comment       0x00000029       0x2a C:/Users/paul.jiao/tools/\Bridgetek/FT9xxToolchain/Toolchain/tools/ft32-elf/lib\libc.a(lib_a-closer.o)
 .comment       0x00000029       0x2a C:/Users/paul.jiao/tools/\Bridgetek/FT9xxToolchain/Toolchain/tools/ft32-elf/lib\libc.a(lib_a-ctype_.o)
 .comment       0x00000029       0x2a C:/Users/paul.jiao/tools/\Bridgetek/FT9xxToolchain/Toolchain/tools/ft32-elf/lib\libc.a(lib_a-fclose.o)
 .comment       0x00000029       0x2a C:/Users/paul.jiao/tools/\Bridgetek/FT9xxToolchain/Toolchain/tools/ft32-elf/lib\libc.a(lib_a-fputwc.o)
 .comment       0x00000029       0x2a C:/Users/paul.jiao/tools/\Bridgetek/FT9xxToolchain/Toolchain/tools/ft32-elf/lib\libc.a(lib_a-fstatr.o)
 .comment       0x00000029       0x2a C:/Users/paul.jiao/tools/\Bridgetek/FT9xxToolchain/Toolchain/tools/ft32-elf/lib\libc.a(lib_a-isattyr.o)
 .comment       0x00000029       0x2a C:/Users/paul.jiao/tools/\Bridgetek/FT9xxToolchain/Toolchain/tools/ft32-elf/lib\libc.a(lib_a-lseekr.o)
 .comment       0x00000029       0x2a C:/Users/paul.jiao/tools/\Bridgetek/FT9xxToolchain/Toolchain/tools/ft32-elf/lib\libc.a(lib_a-readr.o)
 .comment       0x00000029       0x2a C:/Users/paul.jiao/tools/\Bridgetek/FT9xxToolchain/Toolchain/tools/ft32-elf/lib\libc.a(lib_a-wbuf.o)
 .comment       0x00000029       0x2a C:/Users/paul.jiao/tools/\Bridgetek/FT9xxToolchain/Toolchain/tools/ft32-elf/lib\libc.a(lib_a-wcrtomb.o)
 .comment       0x00000029       0x2a C:/Users/paul.jiao/tools/\Bridgetek/FT9xxToolchain/Toolchain/tools/ft32-elf/lib\libstub.a(stdio.o)
 .comment       0x00000029       0x2a C:/Users/paul.jiao/tools/\Bridgetek/FT9xxToolchain/Toolchain/tools/ft32-elf/lib\libstub.a(unimpl.o)